[1.085s] Invoking command in '/home/dylan/clones/visualize/visual_pubsub': PYTHONPATH=/home/dylan/clones/visualize/build/visual_pubsub/prefix_override:/usr/lib/python3/dist-packages/colcon_core/task/python/colcon_distutils_commands:/home/dylan/clones/visualize/install/visual_pubsub/lib/python3.10/site-packages:${PYTHONPATH} /usr/bin/python3 -W ignore:setup.py install is deprecated -W ignore:easy_install command is deprecated setup.py egg_info --egg-base ../build/visual_pubsub build --build-base /home/dylan/clones/visualize/build/visual_pubsub/build install --record /home/dylan/clones/visualize/build/visual_pubsub/install.log --single-version-externally-managed install_data
[1.479s] running egg_info
[1.480s] writing ../build/visual_pubsub/visual_pubsub.egg-info/PKG-INFO
[1.480s] writing dependency_links to ../build/visual_pubsub/visual_pubsub.egg-info/dependency_links.txt
[1.480s] writing entry points to ../build/visual_pubsub/visual_pubsub.egg-info/entry_points.txt
[1.480s] writing requirements to ../build/visual_pubsub/visual_pubsub.egg-info/requires.txt
[1.480s] writing top-level names to ../build/visual_pubsub/visual_pubsub.egg-info/top_level.txt
[1.482s] reading manifest file '../build/visual_pubsub/visual_pubsub.egg-info/SOURCES.txt'
[1.482s] adding license file 'LICENSE'
[1.484s] writing manifest file '../build/visual_pubsub/visual_pubsub.egg-info/SOURCES.txt'
[1.484s] running build
[1.484s] running build_py
[1.484s] copying visual_pubsub/inverse_kinematics_pulgar.py -> /home/dylan/clones/visualize/build/visual_pubsub/build/lib/visual_pubsub
[1.484s] running install
[1.485s] running install_lib
[1.486s] copying /home/dylan/clones/visualize/build/visual_pubsub/build/lib/visual_pubsub/inverse_kinematics_pulgar.py -> /home/dylan/clones/visualize/install/visual_pubsub/lib/python3.10/site-packages/visual_pubsub
[1.486s] byte-compiling /home/dylan/clones/visualize/install/visual_pubsub/lib/python3.10/site-packages/visual_pubsub/inverse_kinematics_pulgar.py to inverse_kinematics_pulgar.cpython-310.pyc
[1.488s] running install_data
[1.488s] running install_egg_info
[1.491s] removing '/home/dylan/clones/visualize/install/visual_pubsub/lib/python3.10/site-packages/visual_pubsub-0.0.0-py3.10.egg-info' (and everything under it)
[1.491s] Copying ../build/visual_pubsub/visual_pubsub.egg-info to /home/dylan/clones/visualize/install/visual_pubsub/lib/python3.10/site-packages/visual_pubsub-0.0.0-py3.10.egg-info
[1.492s] running install_scripts
[1.519s] Installing inverse_k script to /home/dylan/clones/visualize/install/visual_pubsub/lib/visual_pubsub
[1.519s] Installing inverse_k_p script to /home/dylan/clones/visualize/install/visual_pubsub/lib/visual_pubsub
[1.519s] Installing pub_joints script to /home/dylan/clones/visualize/install/visual_pubsub/lib/visual_pubsub
[1.519s] Installing sub_joints script to /home/dylan/clones/visualize/install/visual_pubsub/lib/visual_pubsub
[1.519s] writing list of installed files to '/home/dylan/clones/visualize/build/visual_pubsub/install.log'
[1.553s] Invoked command in '/home/dylan/clones/visualize/visual_pubsub' returned '0': PYTHONPATH=/home/dylan/clones/visualize/build/visual_pubsub/prefix_override:/usr/lib/python3/dist-packages/colcon_core/task/python/colcon_distutils_commands:/home/dylan/clones/visualize/install/visual_pubsub/lib/python3.10/site-packages:${PYTHONPATH} /usr/bin/python3 -W ignore:setup.py install is deprecated -W ignore:easy_install command is deprecated setup.py egg_info --egg-base ../build/visual_pubsub build --build-base /home/dylan/clones/visualize/build/visual_pubsub/build install --record /home/dylan/clones/visualize/build/visual_pubsub/install.log --single-version-externally-managed install_data
