[0.015s] Invoking command in '/home/dylan/clones/visualize/build/robot_description': CMAKE_PREFIX_PATH=/opt/ros/humble /usr/bin/cmake /home/dylan/clones/visualize/robot_description -DCMAKE_INSTALL_PREFIX=/home/dylan/clones/visualize/install/robot_description
[0.166s] -- The C compiler identification is GNU 11.4.0
[0.279s] -- The CXX compiler identification is GNU 11.4.0
[0.292s] -- Detecting C compiler ABI info
[0.393s] -- Detecting C compiler ABI info - done
[0.403s] -- Check for working C compiler: /usr/bin/cc - skipped
[0.403s] -- Detecting C compile features
[0.404s] -- Detecting C compile features - done
[0.409s] -- Detecting CXX compiler ABI info
[0.516s] -- Detecting CXX compiler ABI info - done
[0.525s] -- Check for working CXX compiler: /usr/bin/c++ - skipped
[0.525s] -- Detecting CXX compile features
[0.526s] -- Detecting CXX compile features - done
[0.529s] -- Found ament_cmake: 1.3.12 (/opt/ros/humble/share/ament_cmake/cmake)
[0.728s] -- Found Python3: /usr/bin/python3 (found version "3.10.12") found components: Interpreter 
[0.858s] -- Found ament_lint_auto: 0.12.14 (/opt/ros/humble/share/ament_lint_auto/cmake)
[0.963s] -- Added test 'flake8' to check Python code syntax and style conventions
[0.964s] -- Added test 'lint_cmake' to check CMake code style
[0.965s] -- Added test 'pep257' to check Python code against some of the docstring style conventions in PEP 257
[0.968s] -- Added test 'xmllint' to check XML markup files
[0.969s] -- Configuring done
[0.973s] -- Generating done
[0.975s] -- Build files have been written to: /home/dylan/clones/visualize/build/robot_description
[0.980s] Invoked command in '/home/dylan/clones/visualize/build/robot_description' returned '0': CMAKE_PREFIX_PATH=/opt/ros/humble /usr/bin/cmake /home/dylan/clones/visualize/robot_description -DCMAKE_INSTALL_PREFIX=/home/dylan/clones/visualize/install/robot_description
[0.983s] Invoking command in '/home/dylan/clones/visualize/build/robot_description': CMAKE_PREFIX_PATH=/opt/ros/humble /usr/bin/cmake --build /home/dylan/clones/visualize/build/robot_description -- -j20 -l20
[1.037s] Invoked command in '/home/dylan/clones/visualize/build/robot_description' returned '0': CMAKE_PREFIX_PATH=/opt/ros/humble /usr/bin/cmake --build /home/dylan/clones/visualize/build/robot_description -- -j20 -l20
[1.052s] Invoking command in '/home/dylan/clones/visualize/build/robot_description': CMAKE_PREFIX_PATH=/opt/ros/humble /usr/bin/cmake --install /home/dylan/clones/visualize/build/robot_description
[1.060s] -- Install configuration: ""
[1.060s] -- Installing: /home/dylan/clones/visualize/install/robot_description/share/robot_description/launch
[1.060s] -- Installing: /home/dylan/clones/visualize/install/robot_description/share/robot_description/launch/view_robot.launch.py
[1.060s] -- Installing: /home/dylan/clones/visualize/install/robot_description/share/robot_description/urdf
[1.060s] -- Installing: /home/dylan/clones/visualize/install/robot_description/share/robot_description/urdf/myfirst_robot.urdf
[1.061s] -- Installing: /home/dylan/clones/visualize/install/robot_description/share/robot_description/urdf/guillecar.urdf
[1.061s] -- Installing: /home/dylan/clones/visualize/install/robot_description/share/robot_description/urdf/wally1.urdf
[1.061s] -- Installing: /home/dylan/clones/visualize/install/robot_description/share/robot_description/urdf/multipleshapes.gv
[1.061s] -- Installing: /home/dylan/clones/visualize/install/robot_description/share/robot_description/urdf/clases_test.urdf
[1.061s] -- Installing: /home/dylan/clones/visualize/install/robot_description/share/robot_description/urdf/panda.urdf
[1.061s] -- Installing: /home/dylan/clones/visualize/install/robot_description/share/robot_description/urdf/cobot_arm.urdf
[1.061s] -- Installing: /home/dylan/clones/visualize/install/robot_description/share/robot_description/urdf/pantilt.urdf
[1.061s] -- Installing: /home/dylan/clones/visualize/install/robot_description/share/robot_description/urdf/multipleshapes.pdf
[1.061s] -- Installing: /home/dylan/clones/visualize/install/robot_description/share/robot_description/urdf/diff_wheeled_robot.urdf
[1.061s] -- Installing: /home/dylan/clones/visualize/install/robot_description/share/robot_description/rviz
[1.061s] -- Installing: /home/dylan/clones/visualize/install/robot_description/share/robot_description/rviz/urdf.rviz
[1.062s] -- Installing: /home/dylan/clones/visualize/install/robot_description/share/robot_description/meshes
[1.062s] -- Installing: /home/dylan/clones/visualize/install/robot_description/share/robot_description/meshes/collision
[1.062s] -- Installing: /home/dylan/clones/visualize/install/robot_description/share/robot_description/meshes/collision/link6.obj
[1.067s] -- Installing: /home/dylan/clones/visualize/install/robot_description/share/robot_description/meshes/collision/link4.obj
[1.068s] -- Installing: /home/dylan/clones/visualize/install/robot_description/share/robot_description/meshes/collision/finger.obj
[1.068s] -- Installing: /home/dylan/clones/visualize/install/robot_description/share/robot_description/meshes/collision/link5.obj
[1.068s] -- Installing: /home/dylan/clones/visualize/install/robot_description/share/robot_description/meshes/collision/link3.obj
[1.068s] -- Installing: /home/dylan/clones/visualize/install/robot_description/share/robot_description/meshes/collision/link7.obj
[1.068s] -- Installing: /home/dylan/clones/visualize/install/robot_description/share/robot_description/meshes/collision/link2.obj
[1.068s] -- Installing: /home/dylan/clones/visualize/install/robot_description/share/robot_description/meshes/collision/link0.obj
[1.068s] -- Installing: /home/dylan/clones/visualize/install/robot_description/share/robot_description/meshes/collision/hand.obj
[1.068s] -- Installing: /home/dylan/clones/visualize/install/robot_description/share/robot_description/meshes/collision/link1.obj
[1.068s] -- Installing: /home/dylan/clones/visualize/install/robot_description/share/robot_description/meshes/visual
[1.068s] -- Installing: /home/dylan/clones/visualize/install/robot_description/share/robot_description/meshes/visual/link4.dae
[1.070s] -- Installing: /home/dylan/clones/visualize/install/robot_description/share/robot_description/meshes/visual/link1.dae
[1.071s] -- Installing: /home/dylan/clones/visualize/install/robot_description/share/robot_description/meshes/visual/link2.dae
[1.072s] -- Installing: /home/dylan/clones/visualize/install/robot_description/share/robot_description/meshes/visual/link0.dae
[1.074s] -- Installing: /home/dylan/clones/visualize/install/robot_description/share/robot_description/meshes/visual/link3.dae
[1.075s] -- Installing: /home/dylan/clones/visualize/install/robot_description/share/robot_description/meshes/visual/hand.dae
[1.076s] -- Installing: /home/dylan/clones/visualize/install/robot_description/share/robot_description/meshes/visual/link7.dae
[1.077s] -- Installing: /home/dylan/clones/visualize/install/robot_description/share/robot_description/meshes/visual/link6.dae
[1.079s] -- Installing: /home/dylan/clones/visualize/install/robot_description/share/robot_description/meshes/visual/finger.dae
[1.079s] -- Installing: /home/dylan/clones/visualize/install/robot_description/share/robot_description/meshes/visual/link5.dae
[1.081s] -- Installing: /home/dylan/clones/visualize/install/robot_description/share/ament_index/resource_index/package_run_dependencies/robot_description
[1.081s] -- Installing: /home/dylan/clones/visualize/install/robot_description/share/ament_index/resource_index/parent_prefix_path/robot_description
[1.081s] -- Installing: /home/dylan/clones/visualize/install/robot_description/share/robot_description/environment/ament_prefix_path.sh
[1.081s] -- Installing: /home/dylan/clones/visualize/install/robot_description/share/robot_description/environment/ament_prefix_path.dsv
[1.081s] -- Installing: /home/dylan/clones/visualize/install/robot_description/share/robot_description/environment/path.sh
[1.081s] -- Installing: /home/dylan/clones/visualize/install/robot_description/share/robot_description/environment/path.dsv
[1.081s] -- Installing: /home/dylan/clones/visualize/install/robot_description/share/robot_description/local_setup.bash
[1.081s] -- Installing: /home/dylan/clones/visualize/install/robot_description/share/robot_description/local_setup.sh
[1.081s] -- Installing: /home/dylan/clones/visualize/install/robot_description/share/robot_description/local_setup.zsh
[1.082s] -- Installing: /home/dylan/clones/visualize/install/robot_description/share/robot_description/local_setup.dsv
[1.082s] -- Installing: /home/dylan/clones/visualize/install/robot_description/share/robot_description/package.dsv
[1.082s] -- Installing: /home/dylan/clones/visualize/install/robot_description/share/ament_index/resource_index/packages/robot_description
[1.082s] -- Installing: /home/dylan/clones/visualize/install/robot_description/share/robot_description/cmake/robot_descriptionConfig.cmake
[1.082s] -- Installing: /home/dylan/clones/visualize/install/robot_description/share/robot_description/cmake/robot_descriptionConfig-version.cmake
[1.082s] -- Installing: /home/dylan/clones/visualize/install/robot_description/share/robot_description/package.xml
[1.085s] Invoked command in '/home/dylan/clones/visualize/build/robot_description' returned '0': CMAKE_PREFIX_PATH=/opt/ros/humble /usr/bin/cmake --install /home/dylan/clones/visualize/build/robot_description
