[0.195s] DEBUG:colcon:Command line arguments: ['/usr/bin/colcon', 'build']
[0.195s] DEBUG:colcon:Parsed command line arguments: Namespace(log_base=None, log_level=None, verb_name='build', build_base='build', install_base='install', merge_install=False, symlink_install=False, test_result_base=None, continue_on_error=False, executor='parallel', parallel_workers=20, event_handlers=None, ignore_user_meta=False, metas=['./colcon.meta'], base_paths=['.'], packages_ignore=None, packages_ignore_regex=None, paths=None, packages_up_to=None, packages_up_to_regex=None, packages_above=None, packages_above_and_dependencies=None, packages_above_depth=None, packages_select_by_dep=None, packages_skip_by_dep=None, packages_skip_up_to=None, packages_select_build_failed=False, packages_skip_build_finished=False, packages_select_test_failures=False, packages_skip_test_passed=False, packages_select=None, packages_skip=None, packages_select_regex=None, packages_skip_regex=None, packages_start=None, packages_end=None, allow_overriding=[], cmake_args=None, cmake_target=None, cmake_target_skip_unavailable=False, cmake_clean_cache=False, cmake_clean_first=False, cmake_force_configure=False, ament_cmake_args=None, catkin_cmake_args=None, catkin_skip_building_tests=False, mixin_files=None, mixin=None, verb_parser=<colcon_mixin.mixin.mixin_argument.MixinArgumentDecorator object at 0x7e4758153670>, verb_extension=<colcon_core.verb.build.BuildVerb object at 0x7e4758152cb0>, main=<bound method BuildVerb.main of <colcon_core.verb.build.BuildVerb object at 0x7e4758152cb0>>, mixin_verb=('build',))
[0.383s] Level 1:colcon.colcon_core.package_discovery:discover_packages(colcon_meta) check parameters
[0.384s] Level 1:colcon.colcon_core.package_discovery:discover_packages(recursive) check parameters
[0.384s] Level 1:colcon.colcon_core.package_discovery:discover_packages(ignore) check parameters
[0.384s] Level 1:colcon.colcon_core.package_discovery:discover_packages(path) check parameters
[0.384s] Level 1:colcon.colcon_core.package_discovery:discover_packages(colcon_meta) discover
[0.384s] Level 1:colcon.colcon_core.package_discovery:discover_packages(recursive) discover
[0.384s] INFO:colcon.colcon_core.package_discovery:Crawling recursively for packages in '/home/dylan/clones/visualize'
[0.384s] Level 1:colcon.colcon_core.package_identification:_identify(.) by extensions ['ignore', 'ignore_ament_install']
[0.384s] Level 1:colcon.colcon_core.package_identification:_identify(.) by extension 'ignore'
[0.384s] Level 1:colcon.colcon_core.package_identification:_identify(.) by extension 'ignore_ament_install'
[0.384s] Level 1:colcon.colcon_core.package_identification:_identify(.) by extensions ['colcon_pkg']
[0.384s] Level 1:colcon.colcon_core.package_identification:_identify(.) by extension 'colcon_pkg'
[0.384s] Level 1:colcon.colcon_core.package_identification:_identify(.) by extensions ['colcon_meta']
[0.384s] Level 1:colcon.colcon_core.package_identification:_identify(.) by extension 'colcon_meta'
[0.384s] Level 1:colcon.colcon_core.package_identification:_identify(.) by extensions ['ros']
[0.384s] Level 1:colcon.colcon_core.package_identification:_identify(.) by extension 'ros'
[0.398s] Level 1:colcon.colcon_core.package_identification:_identify(.) by extensions ['cmake', 'python']
[0.398s] Level 1:colcon.colcon_core.package_identification:_identify(.) by extension 'cmake'
[0.398s] Level 1:colcon.colcon_core.package_identification:_identify(.) by extension 'python'
[0.398s] Level 1:colcon.colcon_core.package_identification:_identify(.) by extensions ['python_setup_py']
[0.398s] Level 1:colcon.colcon_core.package_identification:_identify(.) by extension 'python_setup_py'
[0.398s] Level 1:colcon.colcon_core.package_identification:_identify(build) by extensions ['ignore', 'ignore_ament_install']
[0.399s] Level 1:colcon.colcon_core.package_identification:_identify(build) by extension 'ignore'
[0.399s] Level 1:colcon.colcon_core.package_identification:_identify(build) ignored
[0.399s] Level 1:colcon.colcon_core.package_identification:_identify(install) by extensions ['ignore', 'ignore_ament_install']
[0.399s] Level 1:colcon.colcon_core.package_identification:_identify(install) by extension 'ignore'
[0.399s] Level 1:colcon.colcon_core.package_identification:_identify(install) ignored
[0.399s] Level 1:colcon.colcon_core.package_identification:_identify(log) by extensions ['ignore', 'ignore_ament_install']
[0.399s] Level 1:colcon.colcon_core.package_identification:_identify(log) by extension 'ignore'
[0.399s] Level 1:colcon.colcon_core.package_identification:_identify(log) ignored
[0.399s] Level 1:colcon.colcon_core.package_identification:_identify(robot_description) by extensions ['ignore', 'ignore_ament_install']
[0.399s] Level 1:colcon.colcon_core.package_identification:_identify(robot_description) by extension 'ignore'
[0.399s] Level 1:colcon.colcon_core.package_identification:_identify(robot_description) by extension 'ignore_ament_install'
[0.399s] Level 1:colcon.colcon_core.package_identification:_identify(robot_description) by extensions ['colcon_pkg']
[0.399s] Level 1:colcon.colcon_core.package_identification:_identify(robot_description) by extension 'colcon_pkg'
[0.399s] Level 1:colcon.colcon_core.package_identification:_identify(robot_description) by extensions ['colcon_meta']
[0.400s] Level 1:colcon.colcon_core.package_identification:_identify(robot_description) by extension 'colcon_meta'
[0.400s] Level 1:colcon.colcon_core.package_identification:_identify(robot_description) by extensions ['ros']
[0.400s] Level 1:colcon.colcon_core.package_identification:_identify(robot_description) by extension 'ros'
[0.402s] DEBUG:colcon.colcon_core.package_identification:Package 'robot_description' with type 'ros.ament_cmake' and name 'robot_description'
[0.402s] Level 1:colcon.colcon_core.package_identification:_identify(visual_pubsub) by extensions ['ignore', 'ignore_ament_install']
[0.403s] Level 1:colcon.colcon_core.package_identification:_identify(visual_pubsub) by extension 'ignore'
[0.403s] Level 1:colcon.colcon_core.package_identification:_identify(visual_pubsub) by extension 'ignore_ament_install'
[0.403s] Level 1:colcon.colcon_core.package_identification:_identify(visual_pubsub) by extensions ['colcon_pkg']
[0.403s] Level 1:colcon.colcon_core.package_identification:_identify(visual_pubsub) by extension 'colcon_pkg'
[0.403s] Level 1:colcon.colcon_core.package_identification:_identify(visual_pubsub) by extensions ['colcon_meta']
[0.403s] Level 1:colcon.colcon_core.package_identification:_identify(visual_pubsub) by extension 'colcon_meta'
[0.403s] Level 1:colcon.colcon_core.package_identification:_identify(visual_pubsub) by extensions ['ros']
[0.403s] Level 1:colcon.colcon_core.package_identification:_identify(visual_pubsub) by extension 'ros'
[0.415s] DEBUG:colcon.colcon_core.package_identification:Package 'visual_pubsub' with type 'ros.ament_python' and name 'visual_pubsub'
[0.415s] Level 1:colcon.colcon_core.package_discovery:discover_packages(recursive) using defaults
[0.415s] Level 1:colcon.colcon_core.package_discovery:discover_packages(ignore) discover
[0.415s] Level 1:colcon.colcon_core.package_discovery:discover_packages(ignore) using defaults
[0.415s] Level 1:colcon.colcon_core.package_discovery:discover_packages(path) discover
[0.415s] Level 1:colcon.colcon_core.package_discovery:discover_packages(path) using defaults
[0.444s] Level 1:colcon.colcon_core.package_discovery:discover_packages(prefix_path) check parameters
[0.444s] Level 1:colcon.colcon_core.package_discovery:discover_packages(prefix_path) discover
[0.446s] DEBUG:colcon.colcon_installed_package_information.package_discovery:Found 2 installed packages in /home/dylan/clones/visualize/install
[0.448s] DEBUG:colcon.colcon_installed_package_information.package_discovery:Found 469 installed packages in /opt/ros/humble
[0.451s] Level 1:colcon.colcon_core.package_discovery:discover_packages(prefix_path) using defaults
[0.512s] Level 5:colcon.colcon_core.verb:set package 'robot_description' build argument 'cmake_args' from command line to 'None'
[0.512s] Level 5:colcon.colcon_core.verb:set package 'robot_description' build argument 'cmake_target' from command line to 'None'
[0.512s] Level 5:colcon.colcon_core.verb:set package 'robot_description' build argument 'cmake_target_skip_unavailable' from command line to 'False'
[0.512s] Level 5:colcon.colcon_core.verb:set package 'robot_description' build argument 'cmake_clean_cache' from command line to 'False'
[0.512s] Level 5:colcon.colcon_core.verb:set package 'robot_description' build argument 'cmake_clean_first' from command line to 'False'
[0.512s] Level 5:colcon.colcon_core.verb:set package 'robot_description' build argument 'cmake_force_configure' from command line to 'False'
[0.512s] Level 5:colcon.colcon_core.verb:set package 'robot_description' build argument 'ament_cmake_args' from command line to 'None'
[0.512s] Level 5:colcon.colcon_core.verb:set package 'robot_description' build argument 'catkin_cmake_args' from command line to 'None'
[0.512s] Level 5:colcon.colcon_core.verb:set package 'robot_description' build argument 'catkin_skip_building_tests' from command line to 'False'
[0.512s] DEBUG:colcon.colcon_core.verb:Building package 'robot_description' with the following arguments: {'ament_cmake_args': None, 'build_base': '/home/dylan/clones/visualize/build/robot_description', 'catkin_cmake_args': None, 'catkin_skip_building_tests': False, 'cmake_args': None, 'cmake_clean_cache': False, 'cmake_clean_first': False, 'cmake_force_configure': False, 'cmake_target': None, 'cmake_target_skip_unavailable': False, 'install_base': '/home/dylan/clones/visualize/install/robot_description', 'merge_install': False, 'path': '/home/dylan/clones/visualize/robot_description', 'symlink_install': False, 'test_result_base': None}
[0.512s] Level 5:colcon.colcon_core.verb:set package 'visual_pubsub' build argument 'cmake_args' from command line to 'None'
[0.512s] Level 5:colcon.colcon_core.verb:set package 'visual_pubsub' build argument 'cmake_target' from command line to 'None'
[0.513s] Level 5:colcon.colcon_core.verb:set package 'visual_pubsub' build argument 'cmake_target_skip_unavailable' from command line to 'False'
[0.513s] Level 5:colcon.colcon_core.verb:set package 'visual_pubsub' build argument 'cmake_clean_cache' from command line to 'False'
[0.513s] Level 5:colcon.colcon_core.verb:set package 'visual_pubsub' build argument 'cmake_clean_first' from command line to 'False'
[0.513s] Level 5:colcon.colcon_core.verb:set package 'visual_pubsub' build argument 'cmake_force_configure' from command line to 'False'
[0.513s] Level 5:colcon.colcon_core.verb:set package 'visual_pubsub' build argument 'ament_cmake_args' from command line to 'None'
[0.513s] Level 5:colcon.colcon_core.verb:set package 'visual_pubsub' build argument 'catkin_cmake_args' from command line to 'None'
[0.513s] Level 5:colcon.colcon_core.verb:set package 'visual_pubsub' build argument 'catkin_skip_building_tests' from command line to 'False'
[0.513s] DEBUG:colcon.colcon_core.verb:Building package 'visual_pubsub' with the following arguments: {'ament_cmake_args': None, 'build_base': '/home/dylan/clones/visualize/build/visual_pubsub', 'catkin_cmake_args': None, 'catkin_skip_building_tests': False, 'cmake_args': None, 'cmake_clean_cache': False, 'cmake_clean_first': False, 'cmake_force_configure': False, 'cmake_target': None, 'cmake_target_skip_unavailable': False, 'install_base': '/home/dylan/clones/visualize/install/visual_pubsub', 'merge_install': False, 'path': '/home/dylan/clones/visualize/visual_pubsub', 'symlink_install': False, 'test_result_base': None}
[0.513s] INFO:colcon.colcon_core.executor:Executing jobs using 'parallel' executor
[0.515s] DEBUG:colcon.colcon_parallel_executor.executor.parallel:run_until_complete
[0.515s] INFO:colcon.colcon_ros.task.ament_cmake.build:Building ROS package in '/home/dylan/clones/visualize/robot_description' with build type 'ament_cmake'
[0.515s] INFO:colcon.colcon_cmake.task.cmake.build:Building CMake package in '/home/dylan/clones/visualize/robot_description'
[0.517s] INFO:colcon.colcon_core.plugin_system:Skipping extension 'colcon_core.shell.bat': Not used on non-Windows systems
[0.518s] INFO:colcon.colcon_core.shell:Skip shell extension 'powershell' for command environment: Not usable outside of PowerShell
[0.518s] DEBUG:colcon.colcon_core.shell:Skip shell extension 'dsv' for command environment
[0.522s] INFO:colcon.colcon_ros.task.ament_python.build:Building ROS package in '/home/dylan/clones/visualize/visual_pubsub' with build type 'ament_python'
[0.523s] Level 1:colcon.colcon_core.shell:create_environment_hook('visual_pubsub', 'ament_prefix_path')
[0.523s] INFO:colcon.colcon_core.shell:Creating environment hook '/home/dylan/clones/visualize/install/visual_pubsub/share/visual_pubsub/hook/ament_prefix_path.ps1'
[0.524s] INFO:colcon.colcon_core.shell:Creating environment descriptor '/home/dylan/clones/visualize/install/visual_pubsub/share/visual_pubsub/hook/ament_prefix_path.dsv'
[0.524s] INFO:colcon.colcon_core.shell:Creating environment hook '/home/dylan/clones/visualize/install/visual_pubsub/share/visual_pubsub/hook/ament_prefix_path.sh'
[0.526s] INFO:colcon.colcon_core.shell:Skip shell extension 'powershell' for command environment: Not usable outside of PowerShell
[0.526s] DEBUG:colcon.colcon_core.shell:Skip shell extension 'dsv' for command environment
[0.537s] DEBUG:colcon.colcon_core.event_handler.log_command:Invoking command in '/home/dylan/clones/visualize/build/robot_description': CMAKE_PREFIX_PATH=${CMAKE_PREFIX_PATH}:/home/dylan/clones/visualize/install/visual_pubsub:/opt/ros/humble /usr/bin/cmake --build /home/dylan/clones/visualize/build/robot_description -- -j20 -l20
[0.958s] INFO:colcon.colcon_core.task.python.build:Building Python package in '/home/dylan/clones/visualize/visual_pubsub'
[0.959s] INFO:colcon.colcon_core.shell:Skip shell extension 'powershell' for command environment: Not usable outside of PowerShell
[0.959s] DEBUG:colcon.colcon_core.shell:Skip shell extension 'dsv' for command environment
[0.969s] DEBUG:colcon.colcon_core.event_handler.log_command:Invoked command in '/home/dylan/clones/visualize/build/robot_description' returned '0': CMAKE_PREFIX_PATH=${CMAKE_PREFIX_PATH}:/home/dylan/clones/visualize/install/visual_pubsub:/opt/ros/humble /usr/bin/cmake --build /home/dylan/clones/visualize/build/robot_description -- -j20 -l20
[0.993s] DEBUG:colcon.colcon_core.event_handler.log_command:Invoking command in '/home/dylan/clones/visualize/build/robot_description': CMAKE_PREFIX_PATH=${CMAKE_PREFIX_PATH}:/home/dylan/clones/visualize/install/visual_pubsub:/opt/ros/humble /usr/bin/cmake --install /home/dylan/clones/visualize/build/robot_description
[1.018s] Level 1:colcon.colcon_core.environment:create_environment_scripts_only(robot_description)
[1.019s] DEBUG:colcon.colcon_core.event_handler.log_command:Invoked command in '/home/dylan/clones/visualize/build/robot_description' returned '0': CMAKE_PREFIX_PATH=${CMAKE_PREFIX_PATH}:/home/dylan/clones/visualize/install/visual_pubsub:/opt/ros/humble /usr/bin/cmake --install /home/dylan/clones/visualize/build/robot_description
[1.025s] Level 1:colcon.colcon_core.environment:checking '/home/dylan/clones/visualize/install/robot_description' for CMake module files
[1.026s] Level 1:colcon.colcon_core.environment:checking '/home/dylan/clones/visualize/install/robot_description' for CMake config files
[1.027s] Level 1:colcon.colcon_core.shell:create_environment_hook('robot_description', 'cmake_prefix_path')
[1.028s] INFO:colcon.colcon_core.shell:Creating environment hook '/home/dylan/clones/visualize/install/robot_description/share/robot_description/hook/cmake_prefix_path.ps1'
[1.029s] INFO:colcon.colcon_core.shell:Creating environment descriptor '/home/dylan/clones/visualize/install/robot_description/share/robot_description/hook/cmake_prefix_path.dsv'
[1.030s] INFO:colcon.colcon_core.shell:Creating environment hook '/home/dylan/clones/visualize/install/robot_description/share/robot_description/hook/cmake_prefix_path.sh'
[1.033s] Level 1:colcon.colcon_core.environment:checking '/home/dylan/clones/visualize/install/robot_description/bin'
[1.033s] Level 1:colcon.colcon_core.environment:checking '/home/dylan/clones/visualize/install/robot_description/lib/pkgconfig/robot_description.pc'
[1.034s] Level 1:colcon.colcon_core.environment:checking '/home/dylan/clones/visualize/install/robot_description/lib/python3.10/site-packages'
[1.034s] Level 1:colcon.colcon_core.environment:checking '/home/dylan/clones/visualize/install/robot_description/bin'
[1.035s] INFO:colcon.colcon_core.shell:Creating package script '/home/dylan/clones/visualize/install/robot_description/share/robot_description/package.ps1'
[1.037s] INFO:colcon.colcon_core.shell:Creating package descriptor '/home/dylan/clones/visualize/install/robot_description/share/robot_description/package.dsv'
[1.039s] INFO:colcon.colcon_core.shell:Creating package script '/home/dylan/clones/visualize/install/robot_description/share/robot_description/package.sh'
[1.040s] INFO:colcon.colcon_core.shell:Creating package script '/home/dylan/clones/visualize/install/robot_description/share/robot_description/package.bash'
[1.042s] INFO:colcon.colcon_core.shell:Creating package script '/home/dylan/clones/visualize/install/robot_description/share/robot_description/package.zsh'
[1.043s] Level 1:colcon.colcon_core.environment:create_file_with_runtime_dependencies(/home/dylan/clones/visualize/install/robot_description/share/colcon-core/packages/robot_description)
[1.044s] Level 1:colcon.colcon_core.environment:create_environment_scripts_only(robot_description)
[1.045s] Level 1:colcon.colcon_core.environment:checking '/home/dylan/clones/visualize/install/robot_description' for CMake module files
[1.046s] Level 1:colcon.colcon_core.environment:checking '/home/dylan/clones/visualize/install/robot_description' for CMake config files
[1.046s] Level 1:colcon.colcon_core.shell:create_environment_hook('robot_description', 'cmake_prefix_path')
[1.046s] INFO:colcon.colcon_core.shell:Creating environment hook '/home/dylan/clones/visualize/install/robot_description/share/robot_description/hook/cmake_prefix_path.ps1'
[1.047s] INFO:colcon.colcon_core.shell:Creating environment descriptor '/home/dylan/clones/visualize/install/robot_description/share/robot_description/hook/cmake_prefix_path.dsv'
[1.048s] INFO:colcon.colcon_core.shell:Creating environment hook '/home/dylan/clones/visualize/install/robot_description/share/robot_description/hook/cmake_prefix_path.sh'
[1.050s] Level 1:colcon.colcon_core.environment:checking '/home/dylan/clones/visualize/install/robot_description/bin'
[1.050s] Level 1:colcon.colcon_core.environment:checking '/home/dylan/clones/visualize/install/robot_description/lib/pkgconfig/robot_description.pc'
[1.051s] Level 1:colcon.colcon_core.environment:checking '/home/dylan/clones/visualize/install/robot_description/lib/python3.10/site-packages'
[1.052s] Level 1:colcon.colcon_core.environment:checking '/home/dylan/clones/visualize/install/robot_description/bin'
[1.053s] INFO:colcon.colcon_core.shell:Creating package script '/home/dylan/clones/visualize/install/robot_description/share/robot_description/package.ps1'
[1.054s] INFO:colcon.colcon_core.shell:Creating package descriptor '/home/dylan/clones/visualize/install/robot_description/share/robot_description/package.dsv'
[1.055s] INFO:colcon.colcon_core.shell:Creating package script '/home/dylan/clones/visualize/install/robot_description/share/robot_description/package.sh'
[1.056s] INFO:colcon.colcon_core.shell:Creating package script '/home/dylan/clones/visualize/install/robot_description/share/robot_description/package.bash'
[1.057s] INFO:colcon.colcon_core.shell:Creating package script '/home/dylan/clones/visualize/install/robot_description/share/robot_description/package.zsh'
[1.058s] Level 1:colcon.colcon_core.environment:create_file_with_runtime_dependencies(/home/dylan/clones/visualize/install/robot_description/share/colcon-core/packages/robot_description)
[1.516s] DEBUG:colcon.colcon_core.event_handler.log_command:Invoking command in '/home/dylan/clones/visualize/visual_pubsub': PYTHONPATH=/home/dylan/clones/visualize/build/visual_pubsub/prefix_override:/usr/lib/python3/dist-packages/colcon_core/task/python/colcon_distutils_commands:/home/dylan/clones/visualize/install/visual_pubsub/lib/python3.10/site-packages:${PYTHONPATH} /usr/bin/python3 -W ignore:setup.py install is deprecated -W ignore:easy_install command is deprecated setup.py egg_info --egg-base ../build/visual_pubsub build --build-base /home/dylan/clones/visualize/build/visual_pubsub/build install --record /home/dylan/clones/visualize/build/visual_pubsub/install.log --single-version-externally-managed install_data
[1.898s] Level 1:colcon.colcon_core.environment:checking '/home/dylan/clones/visualize/install/visual_pubsub' for CMake module files
[1.899s] DEBUG:colcon.colcon_core.event_handler.log_command:Invoked command in '/home/dylan/clones/visualize/visual_pubsub' returned '0': PYTHONPATH=/home/dylan/clones/visualize/build/visual_pubsub/prefix_override:/usr/lib/python3/dist-packages/colcon_core/task/python/colcon_distutils_commands:/home/dylan/clones/visualize/install/visual_pubsub/lib/python3.10/site-packages:${PYTHONPATH} /usr/bin/python3 -W ignore:setup.py install is deprecated -W ignore:easy_install command is deprecated setup.py egg_info --egg-base ../build/visual_pubsub build --build-base /home/dylan/clones/visualize/build/visual_pubsub/build install --record /home/dylan/clones/visualize/build/visual_pubsub/install.log --single-version-externally-managed install_data
[1.899s] Level 1:colcon.colcon_core.environment:checking '/home/dylan/clones/visualize/install/visual_pubsub' for CMake config files
[1.900s] Level 1:colcon.colcon_core.environment:checking '/home/dylan/clones/visualize/install/visual_pubsub/lib'
[1.901s] Level 1:colcon.colcon_core.environment:checking '/home/dylan/clones/visualize/install/visual_pubsub/bin'
[1.901s] Level 1:colcon.colcon_core.environment:checking '/home/dylan/clones/visualize/install/visual_pubsub/lib/pkgconfig/visual_pubsub.pc'
[1.901s] Level 1:colcon.colcon_core.environment:checking '/home/dylan/clones/visualize/install/visual_pubsub/lib/python3.10/site-packages'
[1.901s] Level 1:colcon.colcon_core.shell:create_environment_hook('visual_pubsub', 'pythonpath')
[1.902s] INFO:colcon.colcon_core.shell:Creating environment hook '/home/dylan/clones/visualize/install/visual_pubsub/share/visual_pubsub/hook/pythonpath.ps1'
[1.903s] INFO:colcon.colcon_core.shell:Creating environment descriptor '/home/dylan/clones/visualize/install/visual_pubsub/share/visual_pubsub/hook/pythonpath.dsv'
[1.904s] INFO:colcon.colcon_core.shell:Creating environment hook '/home/dylan/clones/visualize/install/visual_pubsub/share/visual_pubsub/hook/pythonpath.sh'
[1.905s] Level 1:colcon.colcon_core.environment:checking '/home/dylan/clones/visualize/install/visual_pubsub/bin'
[1.905s] Level 1:colcon.colcon_core.environment:create_environment_scripts_only(visual_pubsub)
[1.905s] INFO:colcon.colcon_core.shell:Creating package script '/home/dylan/clones/visualize/install/visual_pubsub/share/visual_pubsub/package.ps1'
[1.906s] INFO:colcon.colcon_core.shell:Creating package descriptor '/home/dylan/clones/visualize/install/visual_pubsub/share/visual_pubsub/package.dsv'
[1.906s] INFO:colcon.colcon_core.shell:Creating package script '/home/dylan/clones/visualize/install/visual_pubsub/share/visual_pubsub/package.sh'
[1.907s] INFO:colcon.colcon_core.shell:Creating package script '/home/dylan/clones/visualize/install/visual_pubsub/share/visual_pubsub/package.bash'
[1.907s] INFO:colcon.colcon_core.shell:Creating package script '/home/dylan/clones/visualize/install/visual_pubsub/share/visual_pubsub/package.zsh'
[1.908s] Level 1:colcon.colcon_core.environment:create_file_with_runtime_dependencies(/home/dylan/clones/visualize/install/visual_pubsub/share/colcon-core/packages/visual_pubsub)
[1.908s] DEBUG:colcon.colcon_parallel_executor.executor.parallel:closing loop
[1.908s] DEBUG:colcon.colcon_parallel_executor.executor.parallel:loop closed
[1.909s] DEBUG:colcon.colcon_parallel_executor.executor.parallel:run_until_complete finished with '0'
[1.909s] DEBUG:colcon.colcon_core.event_reactor:joining thread
[1.916s] INFO:colcon.colcon_core.plugin_system:Skipping extension 'colcon_notification.desktop_notification.terminal_notifier': Not used on non-Darwin systems
[1.916s] INFO:colcon.colcon_core.plugin_system:Skipping extension 'colcon_notification.desktop_notification.win32': Not used on non-Windows systems
[1.916s] INFO:colcon.colcon_notification.desktop_notification:Sending desktop notification using 'notify2'
[1.940s] DEBUG:colcon.colcon_core.event_reactor:joined thread
[1.941s] INFO:colcon.colcon_core.shell:Creating prefix script '/home/dylan/clones/visualize/install/local_setup.ps1'
[1.942s] INFO:colcon.colcon_core.shell:Creating prefix util module '/home/dylan/clones/visualize/install/_local_setup_util_ps1.py'
[1.944s] INFO:colcon.colcon_core.shell:Creating prefix chain script '/home/dylan/clones/visualize/install/setup.ps1'
[1.947s] INFO:colcon.colcon_core.shell:Creating prefix script '/home/dylan/clones/visualize/install/local_setup.sh'
[1.948s] INFO:colcon.colcon_core.shell:Creating prefix util module '/home/dylan/clones/visualize/install/_local_setup_util_sh.py'
[1.949s] INFO:colcon.colcon_core.shell:Creating prefix chain script '/home/dylan/clones/visualize/install/setup.sh'
[1.952s] INFO:colcon.colcon_core.shell:Creating prefix script '/home/dylan/clones/visualize/install/local_setup.bash'
[1.953s] INFO:colcon.colcon_core.shell:Creating prefix chain script '/home/dylan/clones/visualize/install/setup.bash'
[1.955s] INFO:colcon.colcon_core.shell:Creating prefix script '/home/dylan/clones/visualize/install/local_setup.zsh'
[1.956s] INFO:colcon.colcon_core.shell:Creating prefix chain script '/home/dylan/clones/visualize/install/setup.zsh'
