[0.991s] Invoking command in '/home/dylan/clones/visualize/visual_pubsub': PYTHONPATH=/home/dylan/clones/visualize/build/visual_pubsub/prefix_override:/usr/lib/python3/dist-packages/colcon_core/task/python/colcon_distutils_commands:/home/dylan/clones/visualize/install/visual_pubsub/lib/python3.10/site-packages:${PYTHONPATH} /usr/bin/python3 -W ignore:setup.py install is deprecated -W ignore:easy_install command is deprecated setup.py egg_info --egg-base ../build/visual_pubsub build --build-base /home/dylan/clones/visualize/build/visual_pubsub/build install --record /home/dylan/clones/visualize/build/visual_pubsub/install.log --single-version-externally-managed install_data
[1.359s] running egg_info
[1.359s] creating ../build/visual_pubsub/visual_pubsub.egg-info
[1.359s] writing ../build/visual_pubsub/visual_pubsub.egg-info/PKG-INFO
[1.360s] writing dependency_links to ../build/visual_pubsub/visual_pubsub.egg-info/dependency_links.txt
[1.360s] writing entry points to ../build/visual_pubsub/visual_pubsub.egg-info/entry_points.txt
[1.360s] writing requirements to ../build/visual_pubsub/visual_pubsub.egg-info/requires.txt
[1.360s] writing top-level names to ../build/visual_pubsub/visual_pubsub.egg-info/top_level.txt
[1.360s] writing manifest file '../build/visual_pubsub/visual_pubsub.egg-info/SOURCES.txt'
[1.362s] reading manifest file '../build/visual_pubsub/visual_pubsub.egg-info/SOURCES.txt'
[1.362s] adding license file 'LICENSE'
[1.363s] writing manifest file '../build/visual_pubsub/visual_pubsub.egg-info/SOURCES.txt'
[1.363s] running build
[1.363s] running build_py
[1.363s] creating /home/dylan/clones/visualize/build/visual_pubsub/build
[1.363s] creating /home/dylan/clones/visualize/build/visual_pubsub/build/lib
[1.363s] creating /home/dylan/clones/visualize/build/visual_pubsub/build/lib/visual_pubsub
[1.363s] copying visual_pubsub/__init__.py -> /home/dylan/clones/visualize/build/visual_pubsub/build/lib/visual_pubsub
[1.363s] copying visual_pubsub/sub_joints.py -> /home/dylan/clones/visualize/build/visual_pubsub/build/lib/visual_pubsub
[1.364s] copying visual_pubsub/pub_joints.py -> /home/dylan/clones/visualize/build/visual_pubsub/build/lib/visual_pubsub
[1.364s] copying visual_pubsub/inverse_kinematics.py -> /home/dylan/clones/visualize/build/visual_pubsub/build/lib/visual_pubsub
[1.364s] running install
[1.364s] running install_lib
[1.365s] creating /home/dylan/clones/visualize/install/visual_pubsub/lib/python3.10/site-packages/visual_pubsub
[1.365s] copying /home/dylan/clones/visualize/build/visual_pubsub/build/lib/visual_pubsub/__init__.py -> /home/dylan/clones/visualize/install/visual_pubsub/lib/python3.10/site-packages/visual_pubsub
[1.365s] copying /home/dylan/clones/visualize/build/visual_pubsub/build/lib/visual_pubsub/sub_joints.py -> /home/dylan/clones/visualize/install/visual_pubsub/lib/python3.10/site-packages/visual_pubsub
[1.365s] copying /home/dylan/clones/visualize/build/visual_pubsub/build/lib/visual_pubsub/pub_joints.py -> /home/dylan/clones/visualize/install/visual_pubsub/lib/python3.10/site-packages/visual_pubsub
[1.365s] copying /home/dylan/clones/visualize/build/visual_pubsub/build/lib/visual_pubsub/inverse_kinematics.py -> /home/dylan/clones/visualize/install/visual_pubsub/lib/python3.10/site-packages/visual_pubsub
[1.366s] byte-compiling /home/dylan/clones/visualize/install/visual_pubsub/lib/python3.10/site-packages/visual_pubsub/__init__.py to __init__.cpython-310.pyc
[1.366s] byte-compiling /home/dylan/clones/visualize/install/visual_pubsub/lib/python3.10/site-packages/visual_pubsub/sub_joints.py to sub_joints.cpython-310.pyc
[1.367s] byte-compiling /home/dylan/clones/visualize/install/visual_pubsub/lib/python3.10/site-packages/visual_pubsub/pub_joints.py to pub_joints.cpython-310.pyc
[1.367s] byte-compiling /home/dylan/clones/visualize/install/visual_pubsub/lib/python3.10/site-packages/visual_pubsub/inverse_kinematics.py to inverse_kinematics.cpython-310.pyc
[1.369s] running install_data
[1.369s] creating /home/dylan/clones/visualize/install/visual_pubsub/share/ament_index
[1.369s] creating /home/dylan/clones/visualize/install/visual_pubsub/share/ament_index/resource_index
[1.369s] creating /home/dylan/clones/visualize/install/visual_pubsub/share/ament_index/resource_index/packages
[1.369s] copying resource/visual_pubsub -> /home/dylan/clones/visualize/install/visual_pubsub/share/ament_index/resource_index/packages
[1.369s] copying package.xml -> /home/dylan/clones/visualize/install/visual_pubsub/share/visual_pubsub
[1.370s] running install_egg_info
[1.372s] Copying ../build/visual_pubsub/visual_pubsub.egg-info to /home/dylan/clones/visualize/install/visual_pubsub/lib/python3.10/site-packages/visual_pubsub-0.0.0-py3.10.egg-info
[1.373s] running install_scripts
[1.399s] Installing pub_joints script to /home/dylan/clones/visualize/install/visual_pubsub/lib/visual_pubsub
[1.400s] Installing sub_joints script to /home/dylan/clones/visualize/install/visual_pubsub/lib/visual_pubsub
[1.400s] writing list of installed files to '/home/dylan/clones/visualize/build/visual_pubsub/install.log'
[1.428s] Invoked command in '/home/dylan/clones/visualize/visual_pubsub' returned '0': PYTHONPATH=/home/dylan/clones/visualize/build/visual_pubsub/prefix_override:/usr/lib/python3/dist-packages/colcon_core/task/python/colcon_distutils_commands:/home/dylan/clones/visualize/install/visual_pubsub/lib/python3.10/site-packages:${PYTHONPATH} /usr/bin/python3 -W ignore:setup.py install is deprecated -W ignore:easy_install command is deprecated setup.py egg_info --egg-base ../build/visual_pubsub build --build-base /home/dylan/clones/visualize/build/visual_pubsub/build install --record /home/dylan/clones/visualize/build/visual_pubsub/install.log --single-version-externally-managed install_data
