[0.961s] Invoking command in '/home/dylan/clones/visualize/visual_pubsub': PYTHONPATH=/home/dylan/clones/visualize/build/visual_pubsub/prefix_override:/usr/lib/python3/dist-packages/colcon_core/task/python/colcon_distutils_commands:/home/dylan/clones/visualize/install/visual_pubsub/lib/python3.10/site-packages:${PYTHONPATH} /usr/bin/python3 -W ignore:setup.py install is deprecated -W ignore:easy_install command is deprecated setup.py egg_info --egg-base ../build/visual_pubsub build --build-base /home/dylan/clones/visualize/build/visual_pubsub/build install --record /home/dylan/clones/visualize/build/visual_pubsub/install.log --single-version-externally-managed install_data
[1.245s] running egg_info
[1.246s] writing ../build/visual_pubsub/visual_pubsub.egg-info/PKG-INFO
[1.246s] writing dependency_links to ../build/visual_pubsub/visual_pubsub.egg-info/dependency_links.txt
[1.247s] writing entry points to ../build/visual_pubsub/visual_pubsub.egg-info/entry_points.txt
[1.247s] writing requirements to ../build/visual_pubsub/visual_pubsub.egg-info/requires.txt
[1.247s] writing top-level names to ../build/visual_pubsub/visual_pubsub.egg-info/top_level.txt
[1.249s] reading manifest file '../build/visual_pubsub/visual_pubsub.egg-info/SOURCES.txt'
[1.249s] adding license file 'LICENSE'
[1.250s] writing manifest file '../build/visual_pubsub/visual_pubsub.egg-info/SOURCES.txt'
[1.251s] running build
[1.251s] running build_py
[1.251s] copying visual_pubsub/inverse_kinematics_pulgar.py -> /home/dylan/clones/visualize/build/visual_pubsub/build/lib/visual_pubsub
[1.251s] running install
[1.252s] running install_lib
[1.253s] copying /home/dylan/clones/visualize/build/visual_pubsub/build/lib/visual_pubsub/inverse_kinematics_pulgar.py -> /home/dylan/clones/visualize/install/visual_pubsub/lib/python3.10/site-packages/visual_pubsub
[1.254s] byte-compiling /home/dylan/clones/visualize/install/visual_pubsub/lib/python3.10/site-packages/visual_pubsub/inverse_kinematics_pulgar.py to inverse_kinematics_pulgar.cpython-310.pyc
[1.255s] running install_data
[1.255s] running install_egg_info
[1.258s] removing '/home/dylan/clones/visualize/install/visual_pubsub/lib/python3.10/site-packages/visual_pubsub-0.0.0-py3.10.egg-info' (and everything under it)
[1.258s] Copying ../build/visual_pubsub/visual_pubsub.egg-info to /home/dylan/clones/visualize/install/visual_pubsub/lib/python3.10/site-packages/visual_pubsub-0.0.0-py3.10.egg-info
[1.259s] running install_scripts
[1.288s] Installing inverse_k script to /home/dylan/clones/visualize/install/visual_pubsub/lib/visual_pubsub
[1.289s] Installing inverse_k_p script to /home/dylan/clones/visualize/install/visual_pubsub/lib/visual_pubsub
[1.289s] Installing pub_joints script to /home/dylan/clones/visualize/install/visual_pubsub/lib/visual_pubsub
[1.289s] Installing sub_joints script to /home/dylan/clones/visualize/install/visual_pubsub/lib/visual_pubsub
[1.289s] writing list of installed files to '/home/dylan/clones/visualize/build/visual_pubsub/install.log'
[1.324s] Invoked command in '/home/dylan/clones/visualize/visual_pubsub' returned '0': PYTHONPATH=/home/dylan/clones/visualize/build/visual_pubsub/prefix_override:/usr/lib/python3/dist-packages/colcon_core/task/python/colcon_distutils_commands:/home/dylan/clones/visualize/install/visual_pubsub/lib/python3.10/site-packages:${PYTHONPATH} /usr/bin/python3 -W ignore:setup.py install is deprecated -W ignore:easy_install command is deprecated setup.py egg_info --egg-base ../build/visual_pubsub build --build-base /home/dylan/clones/visualize/build/visual_pubsub/build install --record /home/dylan/clones/visualize/build/visual_pubsub/install.log --single-version-externally-managed install_data
