[0.150s] DEBUG:colcon:Command line arguments: ['/usr/bin/colcon', 'build']
[0.150s] DEBUG:colcon:Parsed command line arguments: Namespace(log_base=None, log_level=None, verb_name='build', build_base='build', install_base='install', merge_install=False, symlink_install=False, test_result_base=None, continue_on_error=False, executor='parallel', parallel_workers=20, event_handlers=None, ignore_user_meta=False, metas=['./colcon.meta'], base_paths=['.'], packages_ignore=None, packages_ignore_regex=None, paths=None, packages_up_to=None, packages_up_to_regex=None, packages_above=None, packages_above_and_dependencies=None, packages_above_depth=None, packages_select_by_dep=None, packages_skip_by_dep=None, packages_skip_up_to=None, packages_select_build_failed=False, packages_skip_build_finished=False, packages_select_test_failures=False, packages_skip_test_passed=False, packages_select=None, packages_skip=None, packages_select_regex=None, packages_skip_regex=None, packages_start=None, packages_end=None, allow_overriding=[], cmake_args=None, cmake_target=None, cmake_target_skip_unavailable=False, cmake_clean_cache=False, cmake_clean_first=False, cmake_force_configure=False, ament_cmake_args=None, catkin_cmake_args=None, catkin_skip_building_tests=False, mixin_files=None, mixin=None, verb_parser=<colcon_mixin.mixin.mixin_argument.MixinArgumentDecorator object at 0x71f983dc3640>, verb_extension=<colcon_core.verb.build.BuildVerb object at 0x71f983dc2c80>, main=<bound method BuildVerb.main of <colcon_core.verb.build.BuildVerb object at 0x71f983dc2c80>>, mixin_verb=('build',))
[0.368s] Level 1:colcon.colcon_core.package_discovery:discover_packages(colcon_meta) check parameters
[0.368s] Level 1:colcon.colcon_core.package_discovery:discover_packages(recursive) check parameters
[0.368s] Level 1:colcon.colcon_core.package_discovery:discover_packages(ignore) check parameters
[0.368s] Level 1:colcon.colcon_core.package_discovery:discover_packages(path) check parameters
[0.368s] Level 1:colcon.colcon_core.package_discovery:discover_packages(colcon_meta) discover
[0.368s] Level 1:colcon.colcon_core.package_discovery:discover_packages(recursive) discover
[0.368s] INFO:colcon.colcon_core.package_discovery:Crawling recursively for packages in '/home/dylan/clones/visualize'
[0.368s] Level 1:colcon.colcon_core.package_identification:_identify(.) by extensions ['ignore', 'ignore_ament_install']
[0.368s] Level 1:colcon.colcon_core.package_identification:_identify(.) by extension 'ignore'
[0.368s] Level 1:colcon.colcon_core.package_identification:_identify(.) by extension 'ignore_ament_install'
[0.368s] Level 1:colcon.colcon_core.package_identification:_identify(.) by extensions ['colcon_pkg']
[0.368s] Level 1:colcon.colcon_core.package_identification:_identify(.) by extension 'colcon_pkg'
[0.368s] Level 1:colcon.colcon_core.package_identification:_identify(.) by extensions ['colcon_meta']
[0.369s] Level 1:colcon.colcon_core.package_identification:_identify(.) by extension 'colcon_meta'
[0.369s] Level 1:colcon.colcon_core.package_identification:_identify(.) by extensions ['ros']
[0.369s] Level 1:colcon.colcon_core.package_identification:_identify(.) by extension 'ros'
[0.384s] Level 1:colcon.colcon_core.package_identification:_identify(.) by extensions ['cmake', 'python']
[0.384s] Level 1:colcon.colcon_core.package_identification:_identify(.) by extension 'cmake'
[0.384s] Level 1:colcon.colcon_core.package_identification:_identify(.) by extension 'python'
[0.384s] Level 1:colcon.colcon_core.package_identification:_identify(.) by extensions ['python_setup_py']
[0.384s] Level 1:colcon.colcon_core.package_identification:_identify(.) by extension 'python_setup_py'
[0.385s] Level 1:colcon.colcon_core.package_identification:_identify(build) by extensions ['ignore', 'ignore_ament_install']
[0.385s] Level 1:colcon.colcon_core.package_identification:_identify(build) by extension 'ignore'
[0.385s] Level 1:colcon.colcon_core.package_identification:_identify(build) ignored
[0.385s] Level 1:colcon.colcon_core.package_identification:_identify(install) by extensions ['ignore', 'ignore_ament_install']
[0.385s] Level 1:colcon.colcon_core.package_identification:_identify(install) by extension 'ignore'
[0.385s] Level 1:colcon.colcon_core.package_identification:_identify(install) ignored
[0.385s] Level 1:colcon.colcon_core.package_identification:_identify(log) by extensions ['ignore', 'ignore_ament_install']
[0.385s] Level 1:colcon.colcon_core.package_identification:_identify(log) by extension 'ignore'
[0.386s] Level 1:colcon.colcon_core.package_identification:_identify(log) ignored
[0.386s] Level 1:colcon.colcon_core.package_identification:_identify(robot_description) by extensions ['ignore', 'ignore_ament_install']
[0.386s] Level 1:colcon.colcon_core.package_identification:_identify(robot_description) by extension 'ignore'
[0.386s] Level 1:colcon.colcon_core.package_identification:_identify(robot_description) by extension 'ignore_ament_install'
[0.386s] Level 1:colcon.colcon_core.package_identification:_identify(robot_description) by extensions ['colcon_pkg']
[0.386s] Level 1:colcon.colcon_core.package_identification:_identify(robot_description) by extension 'colcon_pkg'
[0.386s] Level 1:colcon.colcon_core.package_identification:_identify(robot_description) by extensions ['colcon_meta']
[0.386s] Level 1:colcon.colcon_core.package_identification:_identify(robot_description) by extension 'colcon_meta'
[0.386s] Level 1:colcon.colcon_core.package_identification:_identify(robot_description) by extensions ['ros']
[0.386s] Level 1:colcon.colcon_core.package_identification:_identify(robot_description) by extension 'ros'
[0.389s] DEBUG:colcon.colcon_core.package_identification:Package 'robot_description' with type 'ros.ament_cmake' and name 'robot_description'
[0.389s] Level 1:colcon.colcon_core.package_identification:_identify(visual_pubsub) by extensions ['ignore', 'ignore_ament_install']
[0.389s] Level 1:colcon.colcon_core.package_identification:_identify(visual_pubsub) by extension 'ignore'
[0.389s] Level 1:colcon.colcon_core.package_identification:_identify(visual_pubsub) by extension 'ignore_ament_install'
[0.389s] Level 1:colcon.colcon_core.package_identification:_identify(visual_pubsub) by extensions ['colcon_pkg']
[0.389s] Level 1:colcon.colcon_core.package_identification:_identify(visual_pubsub) by extension 'colcon_pkg'
[0.390s] Level 1:colcon.colcon_core.package_identification:_identify(visual_pubsub) by extensions ['colcon_meta']
[0.390s] Level 1:colcon.colcon_core.package_identification:_identify(visual_pubsub) by extension 'colcon_meta'
[0.390s] Level 1:colcon.colcon_core.package_identification:_identify(visual_pubsub) by extensions ['ros']
[0.390s] Level 1:colcon.colcon_core.package_identification:_identify(visual_pubsub) by extension 'ros'
[0.400s] DEBUG:colcon.colcon_core.package_identification:Package 'visual_pubsub' with type 'ros.ament_python' and name 'visual_pubsub'
[0.401s] Level 1:colcon.colcon_core.package_discovery:discover_packages(recursive) using defaults
[0.401s] Level 1:colcon.colcon_core.package_discovery:discover_packages(ignore) discover
[0.401s] Level 1:colcon.colcon_core.package_discovery:discover_packages(ignore) using defaults
[0.401s] Level 1:colcon.colcon_core.package_discovery:discover_packages(path) discover
[0.401s] Level 1:colcon.colcon_core.package_discovery:discover_packages(path) using defaults
[0.429s] Level 1:colcon.colcon_core.package_discovery:discover_packages(prefix_path) check parameters
[0.430s] Level 1:colcon.colcon_core.package_discovery:discover_packages(prefix_path) discover
[0.432s] DEBUG:colcon.colcon_installed_package_information.package_discovery:Found 2 installed packages in /home/dylan/clones/visualize/install
[0.434s] DEBUG:colcon.colcon_installed_package_information.package_discovery:Found 469 installed packages in /opt/ros/humble
[0.437s] Level 1:colcon.colcon_core.package_discovery:discover_packages(prefix_path) using defaults
[0.508s] Level 5:colcon.colcon_core.verb:set package 'robot_description' build argument 'cmake_args' from command line to 'None'
[0.508s] Level 5:colcon.colcon_core.verb:set package 'robot_description' build argument 'cmake_target' from command line to 'None'
[0.508s] Level 5:colcon.colcon_core.verb:set package 'robot_description' build argument 'cmake_target_skip_unavailable' from command line to 'False'
[0.508s] Level 5:colcon.colcon_core.verb:set package 'robot_description' build argument 'cmake_clean_cache' from command line to 'False'
[0.508s] Level 5:colcon.colcon_core.verb:set package 'robot_description' build argument 'cmake_clean_first' from command line to 'False'
[0.508s] Level 5:colcon.colcon_core.verb:set package 'robot_description' build argument 'cmake_force_configure' from command line to 'False'
[0.508s] Level 5:colcon.colcon_core.verb:set package 'robot_description' build argument 'ament_cmake_args' from command line to 'None'
[0.508s] Level 5:colcon.colcon_core.verb:set package 'robot_description' build argument 'catkin_cmake_args' from command line to 'None'
[0.508s] Level 5:colcon.colcon_core.verb:set package 'robot_description' build argument 'catkin_skip_building_tests' from command line to 'False'
[0.509s] DEBUG:colcon.colcon_core.verb:Building package 'robot_description' with the following arguments: {'ament_cmake_args': None, 'build_base': '/home/dylan/clones/visualize/build/robot_description', 'catkin_cmake_args': None, 'catkin_skip_building_tests': False, 'cmake_args': None, 'cmake_clean_cache': False, 'cmake_clean_first': False, 'cmake_force_configure': False, 'cmake_target': None, 'cmake_target_skip_unavailable': False, 'install_base': '/home/dylan/clones/visualize/install/robot_description', 'merge_install': False, 'path': '/home/dylan/clones/visualize/robot_description', 'symlink_install': False, 'test_result_base': None}
[0.509s] Level 5:colcon.colcon_core.verb:set package 'visual_pubsub' build argument 'cmake_args' from command line to 'None'
[0.509s] Level 5:colcon.colcon_core.verb:set package 'visual_pubsub' build argument 'cmake_target' from command line to 'None'
[0.509s] Level 5:colcon.colcon_core.verb:set package 'visual_pubsub' build argument 'cmake_target_skip_unavailable' from command line to 'False'
[0.509s] Level 5:colcon.colcon_core.verb:set package 'visual_pubsub' build argument 'cmake_clean_cache' from command line to 'False'
[0.509s] Level 5:colcon.colcon_core.verb:set package 'visual_pubsub' build argument 'cmake_clean_first' from command line to 'False'
[0.509s] Level 5:colcon.colcon_core.verb:set package 'visual_pubsub' build argument 'cmake_force_configure' from command line to 'False'
[0.509s] Level 5:colcon.colcon_core.verb:set package 'visual_pubsub' build argument 'ament_cmake_args' from command line to 'None'
[0.509s] Level 5:colcon.colcon_core.verb:set package 'visual_pubsub' build argument 'catkin_cmake_args' from command line to 'None'
[0.509s] Level 5:colcon.colcon_core.verb:set package 'visual_pubsub' build argument 'catkin_skip_building_tests' from command line to 'False'
[0.509s] DEBUG:colcon.colcon_core.verb:Building package 'visual_pubsub' with the following arguments: {'ament_cmake_args': None, 'build_base': '/home/dylan/clones/visualize/build/visual_pubsub', 'catkin_cmake_args': None, 'catkin_skip_building_tests': False, 'cmake_args': None, 'cmake_clean_cache': False, 'cmake_clean_first': False, 'cmake_force_configure': False, 'cmake_target': None, 'cmake_target_skip_unavailable': False, 'install_base': '/home/dylan/clones/visualize/install/visual_pubsub', 'merge_install': False, 'path': '/home/dylan/clones/visualize/visual_pubsub', 'symlink_install': False, 'test_result_base': None}
[0.510s] INFO:colcon.colcon_core.executor:Executing jobs using 'parallel' executor
[0.512s] DEBUG:colcon.colcon_parallel_executor.executor.parallel:run_until_complete
[0.512s] INFO:colcon.colcon_ros.task.ament_cmake.build:Building ROS package in '/home/dylan/clones/visualize/robot_description' with build type 'ament_cmake'
[0.512s] INFO:colcon.colcon_cmake.task.cmake.build:Building CMake package in '/home/dylan/clones/visualize/robot_description'
[0.516s] INFO:colcon.colcon_core.plugin_system:Skipping extension 'colcon_core.shell.bat': Not used on non-Windows systems
[0.516s] INFO:colcon.colcon_core.shell:Skip shell extension 'powershell' for command environment: Not usable outside of PowerShell
[0.517s] DEBUG:colcon.colcon_core.shell:Skip shell extension 'dsv' for command environment
[0.523s] INFO:colcon.colcon_ros.task.ament_python.build:Building ROS package in '/home/dylan/clones/visualize/visual_pubsub' with build type 'ament_python'
[0.523s] Level 1:colcon.colcon_core.shell:create_environment_hook('visual_pubsub', 'ament_prefix_path')
[0.523s] INFO:colcon.colcon_core.shell:Creating environment hook '/home/dylan/clones/visualize/install/visual_pubsub/share/visual_pubsub/hook/ament_prefix_path.ps1'
[0.524s] INFO:colcon.colcon_core.shell:Creating environment descriptor '/home/dylan/clones/visualize/install/visual_pubsub/share/visual_pubsub/hook/ament_prefix_path.dsv'
[0.525s] INFO:colcon.colcon_core.shell:Creating environment hook '/home/dylan/clones/visualize/install/visual_pubsub/share/visual_pubsub/hook/ament_prefix_path.sh'
[0.526s] INFO:colcon.colcon_core.shell:Skip shell extension 'powershell' for command environment: Not usable outside of PowerShell
[0.526s] DEBUG:colcon.colcon_core.shell:Skip shell extension 'dsv' for command environment
[0.541s] DEBUG:colcon.colcon_core.event_handler.log_command:Invoking command in '/home/dylan/clones/visualize/build/robot_description': CMAKE_PREFIX_PATH=${CMAKE_PREFIX_PATH}:/home/dylan/clones/visualize/install/visual_pubsub:/opt/ros/humble /usr/bin/cmake --build /home/dylan/clones/visualize/build/robot_description -- -j20 -l20
[1.103s] INFO:colcon.colcon_core.task.python.build:Building Python package in '/home/dylan/clones/visualize/visual_pubsub'
[1.104s] INFO:colcon.colcon_core.shell:Skip shell extension 'powershell' for command environment: Not usable outside of PowerShell
[1.104s] DEBUG:colcon.colcon_core.shell:Skip shell extension 'dsv' for command environment
[1.112s] DEBUG:colcon.colcon_core.event_handler.log_command:Invoked command in '/home/dylan/clones/visualize/build/robot_description' returned '0': CMAKE_PREFIX_PATH=${CMAKE_PREFIX_PATH}:/home/dylan/clones/visualize/install/visual_pubsub:/opt/ros/humble /usr/bin/cmake --build /home/dylan/clones/visualize/build/robot_description -- -j20 -l20
[1.135s] DEBUG:colcon.colcon_core.event_handler.log_command:Invoking command in '/home/dylan/clones/visualize/build/robot_description': CMAKE_PREFIX_PATH=${CMAKE_PREFIX_PATH}:/home/dylan/clones/visualize/install/visual_pubsub:/opt/ros/humble /usr/bin/cmake --install /home/dylan/clones/visualize/build/robot_description
[1.160s] Level 1:colcon.colcon_core.environment:create_environment_scripts_only(robot_description)
[1.165s] DEBUG:colcon.colcon_core.event_handler.log_command:Invoked command in '/home/dylan/clones/visualize/build/robot_description' returned '0': CMAKE_PREFIX_PATH=${CMAKE_PREFIX_PATH}:/home/dylan/clones/visualize/install/visual_pubsub:/opt/ros/humble /usr/bin/cmake --install /home/dylan/clones/visualize/build/robot_description
[1.169s] Level 1:colcon.colcon_core.environment:checking '/home/dylan/clones/visualize/install/robot_description' for CMake module files
[1.171s] Level 1:colcon.colcon_core.environment:checking '/home/dylan/clones/visualize/install/robot_description' for CMake config files
[1.171s] Level 1:colcon.colcon_core.shell:create_environment_hook('robot_description', 'cmake_prefix_path')
[1.171s] INFO:colcon.colcon_core.shell:Creating environment hook '/home/dylan/clones/visualize/install/robot_description/share/robot_description/hook/cmake_prefix_path.ps1'
[1.173s] INFO:colcon.colcon_core.shell:Creating environment descriptor '/home/dylan/clones/visualize/install/robot_description/share/robot_description/hook/cmake_prefix_path.dsv'
[1.174s] INFO:colcon.colcon_core.shell:Creating environment hook '/home/dylan/clones/visualize/install/robot_description/share/robot_description/hook/cmake_prefix_path.sh'
[1.175s] Level 1:colcon.colcon_core.environment:checking '/home/dylan/clones/visualize/install/robot_description/bin'
[1.175s] Level 1:colcon.colcon_core.environment:checking '/home/dylan/clones/visualize/install/robot_description/lib/pkgconfig/robot_description.pc'
[1.176s] Level 1:colcon.colcon_core.environment:checking '/home/dylan/clones/visualize/install/robot_description/lib/python3.10/site-packages'
[1.176s] Level 1:colcon.colcon_core.environment:checking '/home/dylan/clones/visualize/install/robot_description/bin'
[1.177s] INFO:colcon.colcon_core.shell:Creating package script '/home/dylan/clones/visualize/install/robot_description/share/robot_description/package.ps1'
[1.178s] INFO:colcon.colcon_core.shell:Creating package descriptor '/home/dylan/clones/visualize/install/robot_description/share/robot_description/package.dsv'
[1.180s] INFO:colcon.colcon_core.shell:Creating package script '/home/dylan/clones/visualize/install/robot_description/share/robot_description/package.sh'
[1.182s] INFO:colcon.colcon_core.shell:Creating package script '/home/dylan/clones/visualize/install/robot_description/share/robot_description/package.bash'
[1.183s] INFO:colcon.colcon_core.shell:Creating package script '/home/dylan/clones/visualize/install/robot_description/share/robot_description/package.zsh'
[1.185s] Level 1:colcon.colcon_core.environment:create_file_with_runtime_dependencies(/home/dylan/clones/visualize/install/robot_description/share/colcon-core/packages/robot_description)
[1.186s] Level 1:colcon.colcon_core.environment:create_environment_scripts_only(robot_description)
[1.186s] Level 1:colcon.colcon_core.environment:checking '/home/dylan/clones/visualize/install/robot_description' for CMake module files
[1.187s] Level 1:colcon.colcon_core.environment:checking '/home/dylan/clones/visualize/install/robot_description' for CMake config files
[1.187s] Level 1:colcon.colcon_core.shell:create_environment_hook('robot_description', 'cmake_prefix_path')
[1.188s] INFO:colcon.colcon_core.shell:Creating environment hook '/home/dylan/clones/visualize/install/robot_description/share/robot_description/hook/cmake_prefix_path.ps1'
[1.188s] INFO:colcon.colcon_core.shell:Creating environment descriptor '/home/dylan/clones/visualize/install/robot_description/share/robot_description/hook/cmake_prefix_path.dsv'
[1.189s] INFO:colcon.colcon_core.shell:Creating environment hook '/home/dylan/clones/visualize/install/robot_description/share/robot_description/hook/cmake_prefix_path.sh'
[1.190s] Level 1:colcon.colcon_core.environment:checking '/home/dylan/clones/visualize/install/robot_description/bin'
[1.190s] Level 1:colcon.colcon_core.environment:checking '/home/dylan/clones/visualize/install/robot_description/lib/pkgconfig/robot_description.pc'
[1.190s] Level 1:colcon.colcon_core.environment:checking '/home/dylan/clones/visualize/install/robot_description/lib/python3.10/site-packages'
[1.190s] Level 1:colcon.colcon_core.environment:checking '/home/dylan/clones/visualize/install/robot_description/bin'
[1.191s] INFO:colcon.colcon_core.shell:Creating package script '/home/dylan/clones/visualize/install/robot_description/share/robot_description/package.ps1'
[1.192s] INFO:colcon.colcon_core.shell:Creating package descriptor '/home/dylan/clones/visualize/install/robot_description/share/robot_description/package.dsv'
[1.193s] INFO:colcon.colcon_core.shell:Creating package script '/home/dylan/clones/visualize/install/robot_description/share/robot_description/package.sh'
[1.193s] INFO:colcon.colcon_core.shell:Creating package script '/home/dylan/clones/visualize/install/robot_description/share/robot_description/package.bash'
[1.194s] INFO:colcon.colcon_core.shell:Creating package script '/home/dylan/clones/visualize/install/robot_description/share/robot_description/package.zsh'
[1.194s] Level 1:colcon.colcon_core.environment:create_file_with_runtime_dependencies(/home/dylan/clones/visualize/install/robot_description/share/colcon-core/packages/robot_description)
[1.937s] DEBUG:colcon.colcon_core.event_handler.log_command:Invoking command in '/home/dylan/clones/visualize/visual_pubsub': PYTHONPATH=/home/dylan/clones/visualize/build/visual_pubsub/prefix_override:/usr/lib/python3/dist-packages/colcon_core/task/python/colcon_distutils_commands:/home/dylan/clones/visualize/install/visual_pubsub/lib/python3.10/site-packages:${PYTHONPATH} /usr/bin/python3 -W ignore:setup.py install is deprecated -W ignore:easy_install command is deprecated setup.py egg_info --egg-base ../build/visual_pubsub build --build-base /home/dylan/clones/visualize/build/visual_pubsub/build install --record /home/dylan/clones/visualize/build/visual_pubsub/install.log --single-version-externally-managed install_data
[2.451s] Level 1:colcon.colcon_core.environment:checking '/home/dylan/clones/visualize/install/visual_pubsub' for CMake module files
[2.452s] DEBUG:colcon.colcon_core.event_handler.log_command:Invoked command in '/home/dylan/clones/visualize/visual_pubsub' returned '0': PYTHONPATH=/home/dylan/clones/visualize/build/visual_pubsub/prefix_override:/usr/lib/python3/dist-packages/colcon_core/task/python/colcon_distutils_commands:/home/dylan/clones/visualize/install/visual_pubsub/lib/python3.10/site-packages:${PYTHONPATH} /usr/bin/python3 -W ignore:setup.py install is deprecated -W ignore:easy_install command is deprecated setup.py egg_info --egg-base ../build/visual_pubsub build --build-base /home/dylan/clones/visualize/build/visual_pubsub/build install --record /home/dylan/clones/visualize/build/visual_pubsub/install.log --single-version-externally-managed install_data
[2.452s] Level 1:colcon.colcon_core.environment:checking '/home/dylan/clones/visualize/install/visual_pubsub' for CMake config files
[2.453s] Level 1:colcon.colcon_core.environment:checking '/home/dylan/clones/visualize/install/visual_pubsub/lib'
[2.454s] Level 1:colcon.colcon_core.environment:checking '/home/dylan/clones/visualize/install/visual_pubsub/bin'
[2.454s] Level 1:colcon.colcon_core.environment:checking '/home/dylan/clones/visualize/install/visual_pubsub/lib/pkgconfig/visual_pubsub.pc'
[2.454s] Level 1:colcon.colcon_core.environment:checking '/home/dylan/clones/visualize/install/visual_pubsub/lib/python3.10/site-packages'
[2.454s] Level 1:colcon.colcon_core.shell:create_environment_hook('visual_pubsub', 'pythonpath')
[2.455s] INFO:colcon.colcon_core.shell:Creating environment hook '/home/dylan/clones/visualize/install/visual_pubsub/share/visual_pubsub/hook/pythonpath.ps1'
[2.456s] INFO:colcon.colcon_core.shell:Creating environment descriptor '/home/dylan/clones/visualize/install/visual_pubsub/share/visual_pubsub/hook/pythonpath.dsv'
[2.457s] INFO:colcon.colcon_core.shell:Creating environment hook '/home/dylan/clones/visualize/install/visual_pubsub/share/visual_pubsub/hook/pythonpath.sh'
[2.458s] Level 1:colcon.colcon_core.environment:checking '/home/dylan/clones/visualize/install/visual_pubsub/bin'
[2.458s] Level 1:colcon.colcon_core.environment:create_environment_scripts_only(visual_pubsub)
[2.459s] INFO:colcon.colcon_core.shell:Creating package script '/home/dylan/clones/visualize/install/visual_pubsub/share/visual_pubsub/package.ps1'
[2.460s] INFO:colcon.colcon_core.shell:Creating package descriptor '/home/dylan/clones/visualize/install/visual_pubsub/share/visual_pubsub/package.dsv'
[2.461s] INFO:colcon.colcon_core.shell:Creating package script '/home/dylan/clones/visualize/install/visual_pubsub/share/visual_pubsub/package.sh'
[2.463s] INFO:colcon.colcon_core.shell:Creating package script '/home/dylan/clones/visualize/install/visual_pubsub/share/visual_pubsub/package.bash'
[2.464s] INFO:colcon.colcon_core.shell:Creating package script '/home/dylan/clones/visualize/install/visual_pubsub/share/visual_pubsub/package.zsh'
[2.465s] Level 1:colcon.colcon_core.environment:create_file_with_runtime_dependencies(/home/dylan/clones/visualize/install/visual_pubsub/share/colcon-core/packages/visual_pubsub)
[2.465s] DEBUG:colcon.colcon_parallel_executor.executor.parallel:closing loop
[2.466s] DEBUG:colcon.colcon_parallel_executor.executor.parallel:loop closed
[2.467s] DEBUG:colcon.colcon_parallel_executor.executor.parallel:run_until_complete finished with '0'
[2.467s] DEBUG:colcon.colcon_core.event_reactor:joining thread
[2.476s] INFO:colcon.colcon_core.plugin_system:Skipping extension 'colcon_notification.desktop_notification.terminal_notifier': Not used on non-Darwin systems
[2.477s] INFO:colcon.colcon_core.plugin_system:Skipping extension 'colcon_notification.desktop_notification.win32': Not used on non-Windows systems
[2.477s] INFO:colcon.colcon_notification.desktop_notification:Sending desktop notification using 'notify2'
[2.504s] DEBUG:colcon.colcon_core.event_reactor:joined thread
[2.505s] INFO:colcon.colcon_core.shell:Creating prefix script '/home/dylan/clones/visualize/install/local_setup.ps1'
[2.507s] INFO:colcon.colcon_core.shell:Creating prefix util module '/home/dylan/clones/visualize/install/_local_setup_util_ps1.py'
[2.509s] INFO:colcon.colcon_core.shell:Creating prefix chain script '/home/dylan/clones/visualize/install/setup.ps1'
[2.511s] INFO:colcon.colcon_core.shell:Creating prefix script '/home/dylan/clones/visualize/install/local_setup.sh'
[2.512s] INFO:colcon.colcon_core.shell:Creating prefix util module '/home/dylan/clones/visualize/install/_local_setup_util_sh.py'
[2.513s] INFO:colcon.colcon_core.shell:Creating prefix chain script '/home/dylan/clones/visualize/install/setup.sh'
[2.515s] INFO:colcon.colcon_core.shell:Creating prefix script '/home/dylan/clones/visualize/install/local_setup.bash'
[2.515s] INFO:colcon.colcon_core.shell:Creating prefix chain script '/home/dylan/clones/visualize/install/setup.bash'
[2.517s] INFO:colcon.colcon_core.shell:Creating prefix script '/home/dylan/clones/visualize/install/local_setup.zsh'
[2.518s] INFO:colcon.colcon_core.shell:Creating prefix chain script '/home/dylan/clones/visualize/install/setup.zsh'
