/home/dylan/clones/visualize/install/visual_pubsub/lib/python3.10/site-packages/visual_pubsub/__init__.py
/home/dylan/clones/visualize/install/visual_pubsub/lib/python3.10/site-packages/visual_pubsub/sub_joints.py
/home/dylan/clones/visualize/install/visual_pubsub/lib/python3.10/site-packages/visual_pubsub/inverse_kinematics_pulgar.py
/home/dylan/clones/visualize/install/visual_pubsub/lib/python3.10/site-packages/visual_pubsub/pub_joints.py
/home/dylan/clones/visualize/install/visual_pubsub/lib/python3.10/site-packages/visual_pubsub/inverse_kinematics.py
/home/dylan/clones/visualize/install/visual_pubsub/lib/python3.10/site-packages/visual_pubsub/__pycache__/__init__.cpython-310.pyc
/home/dylan/clones/visualize/install/visual_pubsub/lib/python3.10/site-packages/visual_pubsub/__pycache__/sub_joints.cpython-310.pyc
/home/dylan/clones/visualize/install/visual_pubsub/lib/python3.10/site-packages/visual_pubsub/__pycache__/inverse_kinematics_pulgar.cpython-310.pyc
/home/dylan/clones/visualize/install/visual_pubsub/lib/python3.10/site-packages/visual_pubsub/__pycache__/pub_joints.cpython-310.pyc
/home/dylan/clones/visualize/install/visual_pubsub/lib/python3.10/site-packages/visual_pubsub/__pycache__/inverse_kinematics.cpython-310.pyc
/home/dylan/clones/visualize/install/visual_pubsub/share/ament_index/resource_index/packages/visual_pubsub
/home/dylan/clones/visualize/install/visual_pubsub/share/visual_pubsub/package.xml
/home/dylan/clones/visualize/install/visual_pubsub/lib/python3.10/site-packages/visual_pubsub-0.0.0-py3.10.egg-info/requires.txt
/home/dylan/clones/visualize/install/visual_pubsub/lib/python3.10/site-packages/visual_pubsub-0.0.0-py3.10.egg-info/dependency_links.txt
/home/dylan/clones/visualize/install/visual_pubsub/lib/python3.10/site-packages/visual_pubsub-0.0.0-py3.10.egg-info/PKG-INFO
/home/dylan/clones/visualize/install/visual_pubsub/lib/python3.10/site-packages/visual_pubsub-0.0.0-py3.10.egg-info/top_level.txt
/home/dylan/clones/visualize/install/visual_pubsub/lib/python3.10/site-packages/visual_pubsub-0.0.0-py3.10.egg-info/zip-safe
/home/dylan/clones/visualize/install/visual_pubsub/lib/python3.10/site-packages/visual_pubsub-0.0.0-py3.10.egg-info/entry_points.txt
/home/dylan/clones/visualize/install/visual_pubsub/lib/python3.10/site-packages/visual_pubsub-0.0.0-py3.10.egg-info/SOURCES.txt
/home/dylan/clones/visualize/install/visual_pubsub/lib/visual_pubsub/inverse_k
/home/dylan/clones/visualize/install/visual_pubsub/lib/visual_pubsub/inverse_k_p
/home/dylan/clones/visualize/install/visual_pubsub/lib/visual_pubsub/pub_joints
/home/dylan/clones/visualize/install/visual_pubsub/lib/visual_pubsub/sub_joints
