[0.020s] Invoking command in '/home/dylan/clones/visualize/build/robot_description': CMAKE_PREFIX_PATH=${CMAKE_PREFIX_PATH}:/home/dylan/clones/visualize/install/visual_pubsub:/opt/ros/humble /usr/bin/cmake --build /home/dylan/clones/visualize/build/robot_description -- -j20 -l20
[0.415s] Invoked command in '/home/dylan/clones/visualize/build/robot_description' returned '0': CMAKE_PREFIX_PATH=${CMAKE_PREFIX_PATH}:/home/dylan/clones/visualize/install/visual_pubsub:/opt/ros/humble /usr/bin/cmake --build /home/dylan/clones/visualize/build/robot_description -- -j20 -l20
[0.429s] Invoking command in '/home/dylan/clones/visualize/build/robot_description': CMAKE_PREFIX_PATH=${CMAKE_PREFIX_PATH}:/home/dylan/clones/visualize/install/visual_pubsub:/opt/ros/humble /usr/bin/cmake --install /home/dylan/clones/visualize/build/robot_description
[0.444s] -- Install configuration: ""
[0.444s] -- Up-to-date: /home/dylan/clones/visualize/install/robot_description/share/robot_description/launch
[0.445s] -- Up-to-date: /home/dylan/clones/visualize/install/robot_description/share/robot_description/launch/view_robot.launch.py
[0.446s] -- Up-to-date: /home/dylan/clones/visualize/install/robot_description/share/robot_description/urdf
[0.446s] -- Up-to-date: /home/dylan/clones/visualize/install/robot_description/share/robot_description/urdf/pulgar.urdf
[0.446s] -- Up-to-date: /home/dylan/clones/visualize/install/robot_description/share/robot_description/urdf/myfirst_robot.urdf
[0.446s] -- Up-to-date: /home/dylan/clones/visualize/install/robot_description/share/robot_description/urdf/indice.urdf
[0.447s] -- Up-to-date: /home/dylan/clones/visualize/install/robot_description/share/robot_description/urdf/pul.urdf
[0.447s] -- Up-to-date: /home/dylan/clones/visualize/install/robot_description/share/robot_description/urdf/test2.urdf
[0.447s] -- Up-to-date: /home/dylan/clones/visualize/install/robot_description/share/robot_description/urdf/6ax.urdf
[0.447s] -- Up-to-date: /home/dylan/clones/visualize/install/robot_description/share/robot_description/urdf/guillecar.urdf
[0.447s] -- Up-to-date: /home/dylan/clones/visualize/install/robot_description/share/robot_description/urdf/wally1.urdf
[0.447s] -- Up-to-date: /home/dylan/clones/visualize/install/robot_description/share/robot_description/urdf/multipleshapes.gv
[0.447s] -- Up-to-date: /home/dylan/clones/visualize/install/robot_description/share/robot_description/urdf/test1.urdf
[0.448s] -- Up-to-date: /home/dylan/clones/visualize/install/robot_description/share/robot_description/urdf/clases_test.urdf
[0.448s] -- Up-to-date: /home/dylan/clones/visualize/install/robot_description/share/robot_description/urdf/panda.urdf
[0.448s] -- Up-to-date: /home/dylan/clones/visualize/install/robot_description/share/robot_description/urdf/cobot_arm.urdf
[0.448s] -- Up-to-date: /home/dylan/clones/visualize/install/robot_description/share/robot_description/urdf/pantilt.urdf
[0.448s] -- Up-to-date: /home/dylan/clones/visualize/install/robot_description/share/robot_description/urdf/6axis.urdf
[0.448s] -- Up-to-date: /home/dylan/clones/visualize/install/robot_description/share/robot_description/urdf/multipleshapes.pdf
[0.449s] -- Up-to-date: /home/dylan/clones/visualize/install/robot_description/share/robot_description/urdf/testcami.urdf
[0.449s] -- Up-to-date: /home/dylan/clones/visualize/install/robot_description/share/robot_description/urdf/diff_wheeled_robot.urdf
[0.449s] -- Up-to-date: /home/dylan/clones/visualize/install/robot_description/share/robot_description/rviz
[0.449s] -- Up-to-date: /home/dylan/clones/visualize/install/robot_description/share/robot_description/rviz/urdf.rviz
[0.449s] -- Up-to-date: /home/dylan/clones/visualize/install/robot_description/share/robot_description/meshes
[0.449s] -- Up-to-date: /home/dylan/clones/visualize/install/robot_description/share/robot_description/meshes/collision
[0.450s] -- Up-to-date: /home/dylan/clones/visualize/install/robot_description/share/robot_description/meshes/collision/link6.obj
[0.450s] -- Up-to-date: /home/dylan/clones/visualize/install/robot_description/share/robot_description/meshes/collision/link4.obj
[0.452s] -- Up-to-date: /home/dylan/clones/visualize/install/robot_description/share/robot_description/meshes/collision/finger.obj
[0.453s] -- Up-to-date: /home/dylan/clones/visualize/install/robot_description/share/robot_description/meshes/collision/link5.obj
[0.454s] -- Up-to-date: /home/dylan/clones/visualize/install/robot_description/share/robot_description/meshes/collision/link3.obj
[0.454s] -- Up-to-date: /home/dylan/clones/visualize/install/robot_description/share/robot_description/meshes/collision/link7.obj
[0.454s] -- Up-to-date: /home/dylan/clones/visualize/install/robot_description/share/robot_description/meshes/collision/link2.obj
[0.454s] -- Up-to-date: /home/dylan/clones/visualize/install/robot_description/share/robot_description/meshes/collision/link0.obj
[0.454s] -- Up-to-date: /home/dylan/clones/visualize/install/robot_description/share/robot_description/meshes/collision/hand.obj
[0.454s] -- Up-to-date: /home/dylan/clones/visualize/install/robot_description/share/robot_description/meshes/collision/link1.obj
[0.455s] -- Up-to-date: /home/dylan/clones/visualize/install/robot_description/share/robot_description/meshes/visual
[0.455s] -- Up-to-date: /home/dylan/clones/visualize/install/robot_description/share/robot_description/meshes/visual/link4.dae
[0.455s] -- Up-to-date: /home/dylan/clones/visualize/install/robot_description/share/robot_description/meshes/visual/link1.dae
[0.455s] -- Up-to-date: /home/dylan/clones/visualize/install/robot_description/share/robot_description/meshes/visual/link2.dae
[0.455s] -- Up-to-date: /home/dylan/clones/visualize/install/robot_description/share/robot_description/meshes/visual/link0.dae
[0.456s] -- Up-to-date: /home/dylan/clones/visualize/install/robot_description/share/robot_description/meshes/visual/link3.dae
[0.456s] -- Up-to-date: /home/dylan/clones/visualize/install/robot_description/share/robot_description/meshes/visual/hand.dae
[0.456s] -- Up-to-date: /home/dylan/clones/visualize/install/robot_description/share/robot_description/meshes/visual/link7.dae
[0.456s] -- Up-to-date: /home/dylan/clones/visualize/install/robot_description/share/robot_description/meshes/visual/link6.dae
[0.456s] -- Up-to-date: /home/dylan/clones/visualize/install/robot_description/share/robot_description/meshes/visual/finger.dae
[0.456s] -- Up-to-date: /home/dylan/clones/visualize/install/robot_description/share/robot_description/meshes/visual/link5.dae
[0.456s] -- Up-to-date: /home/dylan/clones/visualize/install/robot_description/share/ament_index/resource_index/package_run_dependencies/robot_description
[0.456s] -- Up-to-date: /home/dylan/clones/visualize/install/robot_description/share/ament_index/resource_index/parent_prefix_path/robot_description
[0.456s] -- Up-to-date: /home/dylan/clones/visualize/install/robot_description/share/robot_description/environment/ament_prefix_path.sh
[0.457s] -- Up-to-date: /home/dylan/clones/visualize/install/robot_description/share/robot_description/environment/ament_prefix_path.dsv
[0.457s] -- Up-to-date: /home/dylan/clones/visualize/install/robot_description/share/robot_description/environment/path.sh
[0.457s] -- Up-to-date: /home/dylan/clones/visualize/install/robot_description/share/robot_description/environment/path.dsv
[0.457s] -- Up-to-date: /home/dylan/clones/visualize/install/robot_description/share/robot_description/local_setup.bash
[0.457s] -- Up-to-date: /home/dylan/clones/visualize/install/robot_description/share/robot_description/local_setup.sh
[0.457s] -- Up-to-date: /home/dylan/clones/visualize/install/robot_description/share/robot_description/local_setup.zsh
[0.457s] -- Up-to-date: /home/dylan/clones/visualize/install/robot_description/share/robot_description/local_setup.dsv
[0.457s] -- Installing: /home/dylan/clones/visualize/install/robot_description/share/robot_description/package.dsv
[0.457s] -- Up-to-date: /home/dylan/clones/visualize/install/robot_description/share/ament_index/resource_index/packages/robot_description
[0.458s] -- Up-to-date: /home/dylan/clones/visualize/install/robot_description/share/robot_description/cmake/robot_descriptionConfig.cmake
[0.458s] -- Up-to-date: /home/dylan/clones/visualize/install/robot_description/share/robot_description/cmake/robot_descriptionConfig-version.cmake
[0.458s] -- Up-to-date: /home/dylan/clones/visualize/install/robot_description/share/robot_description/package.xml
[0.459s] Invoked command in '/home/dylan/clones/visualize/build/robot_description' returned '0': CMAKE_PREFIX_PATH=${CMAKE_PREFIX_PATH}:/home/dylan/clones/visualize/install/visual_pubsub:/opt/ros/humble /usr/bin/cmake --install /home/dylan/clones/visualize/build/robot_description
