[0.124s] DEBUG:colcon:Command line arguments: ['/usr/bin/colcon', 'build']
[0.124s] DEBUG:colcon:Parsed command line arguments: Namespace(log_base=None, log_level=None, verb_name='build', build_base='build', install_base='install', merge_install=False, symlink_install=False, test_result_base=None, continue_on_error=False, executor='parallel', parallel_workers=20, event_handlers=None, ignore_user_meta=False, metas=['./colcon.meta'], base_paths=['.'], packages_ignore=None, packages_ignore_regex=None, paths=None, packages_up_to=None, packages_up_to_regex=None, packages_above=None, packages_above_and_dependencies=None, packages_above_depth=None, packages_select_by_dep=None, packages_skip_by_dep=None, packages_skip_up_to=None, packages_select_build_failed=False, packages_skip_build_finished=False, packages_select_test_failures=False, packages_skip_test_passed=False, packages_select=None, packages_skip=None, packages_select_regex=None, packages_skip_regex=None, packages_start=None, packages_end=None, allow_overriding=[], cmake_args=None, cmake_target=None, cmake_target_skip_unavailable=False, cmake_clean_cache=False, cmake_clean_first=False, cmake_force_configure=False, ament_cmake_args=None, catkin_cmake_args=None, catkin_skip_building_tests=False, mixin_files=None, mixin=None, verb_parser=<colcon_mixin.mixin.mixin_argument.MixinArgumentDecorator object at 0x7f3ee2e2f670>, verb_extension=<colcon_core.verb.build.BuildVerb object at 0x7f3ee2e2ecb0>, main=<bound method BuildVerb.main of <colcon_core.verb.build.BuildVerb object at 0x7f3ee2e2ecb0>>, mixin_verb=('build',))
[0.302s] Level 1:colcon.colcon_core.package_discovery:discover_packages(colcon_meta) check parameters
[0.302s] Level 1:colcon.colcon_core.package_discovery:discover_packages(recursive) check parameters
[0.302s] Level 1:colcon.colcon_core.package_discovery:discover_packages(ignore) check parameters
[0.302s] Level 1:colcon.colcon_core.package_discovery:discover_packages(path) check parameters
[0.302s] Level 1:colcon.colcon_core.package_discovery:discover_packages(colcon_meta) discover
[0.302s] Level 1:colcon.colcon_core.package_discovery:discover_packages(recursive) discover
[0.302s] INFO:colcon.colcon_core.package_discovery:Crawling recursively for packages in '/home/dylan/clones/visualize'
[0.303s] Level 1:colcon.colcon_core.package_identification:_identify(.) by extensions ['ignore', 'ignore_ament_install']
[0.303s] Level 1:colcon.colcon_core.package_identification:_identify(.) by extension 'ignore'
[0.303s] Level 1:colcon.colcon_core.package_identification:_identify(.) by extension 'ignore_ament_install'
[0.303s] Level 1:colcon.colcon_core.package_identification:_identify(.) by extensions ['colcon_pkg']
[0.303s] Level 1:colcon.colcon_core.package_identification:_identify(.) by extension 'colcon_pkg'
[0.303s] Level 1:colcon.colcon_core.package_identification:_identify(.) by extensions ['colcon_meta']
[0.303s] Level 1:colcon.colcon_core.package_identification:_identify(.) by extension 'colcon_meta'
[0.303s] Level 1:colcon.colcon_core.package_identification:_identify(.) by extensions ['ros']
[0.303s] Level 1:colcon.colcon_core.package_identification:_identify(.) by extension 'ros'
[0.316s] Level 1:colcon.colcon_core.package_identification:_identify(.) by extensions ['cmake', 'python']
[0.316s] Level 1:colcon.colcon_core.package_identification:_identify(.) by extension 'cmake'
[0.316s] Level 1:colcon.colcon_core.package_identification:_identify(.) by extension 'python'
[0.316s] Level 1:colcon.colcon_core.package_identification:_identify(.) by extensions ['python_setup_py']
[0.316s] Level 1:colcon.colcon_core.package_identification:_identify(.) by extension 'python_setup_py'
[0.316s] Level 1:colcon.colcon_core.package_identification:_identify(build) by extensions ['ignore', 'ignore_ament_install']
[0.316s] Level 1:colcon.colcon_core.package_identification:_identify(build) by extension 'ignore'
[0.316s] Level 1:colcon.colcon_core.package_identification:_identify(build) ignored
[0.316s] Level 1:colcon.colcon_core.package_identification:_identify(install) by extensions ['ignore', 'ignore_ament_install']
[0.316s] Level 1:colcon.colcon_core.package_identification:_identify(install) by extension 'ignore'
[0.317s] Level 1:colcon.colcon_core.package_identification:_identify(install) ignored
[0.317s] Level 1:colcon.colcon_core.package_identification:_identify(log) by extensions ['ignore', 'ignore_ament_install']
[0.317s] Level 1:colcon.colcon_core.package_identification:_identify(log) by extension 'ignore'
[0.317s] Level 1:colcon.colcon_core.package_identification:_identify(log) ignored
[0.317s] Level 1:colcon.colcon_core.package_identification:_identify(robot_description) by extensions ['ignore', 'ignore_ament_install']
[0.317s] Level 1:colcon.colcon_core.package_identification:_identify(robot_description) by extension 'ignore'
[0.317s] Level 1:colcon.colcon_core.package_identification:_identify(robot_description) by extension 'ignore_ament_install'
[0.317s] Level 1:colcon.colcon_core.package_identification:_identify(robot_description) by extensions ['colcon_pkg']
[0.317s] Level 1:colcon.colcon_core.package_identification:_identify(robot_description) by extension 'colcon_pkg'
[0.317s] Level 1:colcon.colcon_core.package_identification:_identify(robot_description) by extensions ['colcon_meta']
[0.317s] Level 1:colcon.colcon_core.package_identification:_identify(robot_description) by extension 'colcon_meta'
[0.317s] Level 1:colcon.colcon_core.package_identification:_identify(robot_description) by extensions ['ros']
[0.317s] Level 1:colcon.colcon_core.package_identification:_identify(robot_description) by extension 'ros'
[0.320s] DEBUG:colcon.colcon_core.package_identification:Package 'robot_description' with type 'ros.ament_cmake' and name 'robot_description'
[0.320s] Level 1:colcon.colcon_core.package_identification:_identify(visual_pubsub) by extensions ['ignore', 'ignore_ament_install']
[0.320s] Level 1:colcon.colcon_core.package_identification:_identify(visual_pubsub) by extension 'ignore'
[0.320s] Level 1:colcon.colcon_core.package_identification:_identify(visual_pubsub) by extension 'ignore_ament_install'
[0.320s] Level 1:colcon.colcon_core.package_identification:_identify(visual_pubsub) by extensions ['colcon_pkg']
[0.320s] Level 1:colcon.colcon_core.package_identification:_identify(visual_pubsub) by extension 'colcon_pkg'
[0.320s] Level 1:colcon.colcon_core.package_identification:_identify(visual_pubsub) by extensions ['colcon_meta']
[0.320s] Level 1:colcon.colcon_core.package_identification:_identify(visual_pubsub) by extension 'colcon_meta'
[0.320s] Level 1:colcon.colcon_core.package_identification:_identify(visual_pubsub) by extensions ['ros']
[0.320s] Level 1:colcon.colcon_core.package_identification:_identify(visual_pubsub) by extension 'ros'
[0.330s] DEBUG:colcon.colcon_core.package_identification:Package 'visual_pubsub' with type 'ros.ament_python' and name 'visual_pubsub'
[0.331s] Level 1:colcon.colcon_core.package_discovery:discover_packages(recursive) using defaults
[0.331s] Level 1:colcon.colcon_core.package_discovery:discover_packages(ignore) discover
[0.331s] Level 1:colcon.colcon_core.package_discovery:discover_packages(ignore) using defaults
[0.331s] Level 1:colcon.colcon_core.package_discovery:discover_packages(path) discover
[0.331s] Level 1:colcon.colcon_core.package_discovery:discover_packages(path) using defaults
[0.354s] Level 1:colcon.colcon_core.package_discovery:discover_packages(prefix_path) check parameters
[0.354s] Level 1:colcon.colcon_core.package_discovery:discover_packages(prefix_path) discover
[0.356s] DEBUG:colcon.colcon_installed_package_information.package_discovery:Found 2 installed packages in /home/dylan/clones/visualize/install
[0.358s] DEBUG:colcon.colcon_installed_package_information.package_discovery:Found 469 installed packages in /opt/ros/humble
[0.361s] Level 1:colcon.colcon_core.package_discovery:discover_packages(prefix_path) using defaults
[0.415s] Level 5:colcon.colcon_core.verb:set package 'robot_description' build argument 'cmake_args' from command line to 'None'
[0.415s] Level 5:colcon.colcon_core.verb:set package 'robot_description' build argument 'cmake_target' from command line to 'None'
[0.415s] Level 5:colcon.colcon_core.verb:set package 'robot_description' build argument 'cmake_target_skip_unavailable' from command line to 'False'
[0.415s] Level 5:colcon.colcon_core.verb:set package 'robot_description' build argument 'cmake_clean_cache' from command line to 'False'
[0.415s] Level 5:colcon.colcon_core.verb:set package 'robot_description' build argument 'cmake_clean_first' from command line to 'False'
[0.415s] Level 5:colcon.colcon_core.verb:set package 'robot_description' build argument 'cmake_force_configure' from command line to 'False'
[0.415s] Level 5:colcon.colcon_core.verb:set package 'robot_description' build argument 'ament_cmake_args' from command line to 'None'
[0.415s] Level 5:colcon.colcon_core.verb:set package 'robot_description' build argument 'catkin_cmake_args' from command line to 'None'
[0.415s] Level 5:colcon.colcon_core.verb:set package 'robot_description' build argument 'catkin_skip_building_tests' from command line to 'False'
[0.415s] DEBUG:colcon.colcon_core.verb:Building package 'robot_description' with the following arguments: {'ament_cmake_args': None, 'build_base': '/home/dylan/clones/visualize/build/robot_description', 'catkin_cmake_args': None, 'catkin_skip_building_tests': False, 'cmake_args': None, 'cmake_clean_cache': False, 'cmake_clean_first': False, 'cmake_force_configure': False, 'cmake_target': None, 'cmake_target_skip_unavailable': False, 'install_base': '/home/dylan/clones/visualize/install/robot_description', 'merge_install': False, 'path': '/home/dylan/clones/visualize/robot_description', 'symlink_install': False, 'test_result_base': None}
[0.415s] Level 5:colcon.colcon_core.verb:set package 'visual_pubsub' build argument 'cmake_args' from command line to 'None'
[0.415s] Level 5:colcon.colcon_core.verb:set package 'visual_pubsub' build argument 'cmake_target' from command line to 'None'
[0.415s] Level 5:colcon.colcon_core.verb:set package 'visual_pubsub' build argument 'cmake_target_skip_unavailable' from command line to 'False'
[0.415s] Level 5:colcon.colcon_core.verb:set package 'visual_pubsub' build argument 'cmake_clean_cache' from command line to 'False'
[0.415s] Level 5:colcon.colcon_core.verb:set package 'visual_pubsub' build argument 'cmake_clean_first' from command line to 'False'
[0.415s] Level 5:colcon.colcon_core.verb:set package 'visual_pubsub' build argument 'cmake_force_configure' from command line to 'False'
[0.415s] Level 5:colcon.colcon_core.verb:set package 'visual_pubsub' build argument 'ament_cmake_args' from command line to 'None'
[0.415s] Level 5:colcon.colcon_core.verb:set package 'visual_pubsub' build argument 'catkin_cmake_args' from command line to 'None'
[0.415s] Level 5:colcon.colcon_core.verb:set package 'visual_pubsub' build argument 'catkin_skip_building_tests' from command line to 'False'
[0.415s] DEBUG:colcon.colcon_core.verb:Building package 'visual_pubsub' with the following arguments: {'ament_cmake_args': None, 'build_base': '/home/dylan/clones/visualize/build/visual_pubsub', 'catkin_cmake_args': None, 'catkin_skip_building_tests': False, 'cmake_args': None, 'cmake_clean_cache': False, 'cmake_clean_first': False, 'cmake_force_configure': False, 'cmake_target': None, 'cmake_target_skip_unavailable': False, 'install_base': '/home/dylan/clones/visualize/install/visual_pubsub', 'merge_install': False, 'path': '/home/dylan/clones/visualize/visual_pubsub', 'symlink_install': False, 'test_result_base': None}
[0.416s] INFO:colcon.colcon_core.executor:Executing jobs using 'parallel' executor
[0.417s] DEBUG:colcon.colcon_parallel_executor.executor.parallel:run_until_complete
[0.417s] INFO:colcon.colcon_ros.task.ament_cmake.build:Building ROS package in '/home/dylan/clones/visualize/robot_description' with build type 'ament_cmake'
[0.417s] INFO:colcon.colcon_cmake.task.cmake.build:Building CMake package in '/home/dylan/clones/visualize/robot_description'
[0.419s] INFO:colcon.colcon_core.plugin_system:Skipping extension 'colcon_core.shell.bat': Not used on non-Windows systems
[0.419s] INFO:colcon.colcon_core.shell:Skip shell extension 'powershell' for command environment: Not usable outside of PowerShell
[0.420s] DEBUG:colcon.colcon_core.shell:Skip shell extension 'dsv' for command environment
[0.424s] INFO:colcon.colcon_ros.task.ament_python.build:Building ROS package in '/home/dylan/clones/visualize/visual_pubsub' with build type 'ament_python'
[0.424s] Level 1:colcon.colcon_core.shell:create_environment_hook('visual_pubsub', 'ament_prefix_path')
[0.424s] INFO:colcon.colcon_core.shell:Creating environment hook '/home/dylan/clones/visualize/install/visual_pubsub/share/visual_pubsub/hook/ament_prefix_path.ps1'
[0.425s] INFO:colcon.colcon_core.shell:Creating environment descriptor '/home/dylan/clones/visualize/install/visual_pubsub/share/visual_pubsub/hook/ament_prefix_path.dsv'
[0.426s] INFO:colcon.colcon_core.shell:Creating environment hook '/home/dylan/clones/visualize/install/visual_pubsub/share/visual_pubsub/hook/ament_prefix_path.sh'
[0.426s] INFO:colcon.colcon_core.shell:Skip shell extension 'powershell' for command environment: Not usable outside of PowerShell
[0.426s] DEBUG:colcon.colcon_core.shell:Skip shell extension 'dsv' for command environment
[0.438s] DEBUG:colcon.colcon_core.event_handler.log_command:Invoking command in '/home/dylan/clones/visualize/build/robot_description': CMAKE_PREFIX_PATH=${CMAKE_PREFIX_PATH}:/home/dylan/clones/visualize/install/visual_pubsub:/opt/ros/humble /usr/bin/cmake --build /home/dylan/clones/visualize/build/robot_description -- -j20 -l20
[0.819s] INFO:colcon.colcon_core.task.python.build:Building Python package in '/home/dylan/clones/visualize/visual_pubsub'
[0.819s] INFO:colcon.colcon_core.shell:Skip shell extension 'powershell' for command environment: Not usable outside of PowerShell
[0.820s] DEBUG:colcon.colcon_core.shell:Skip shell extension 'dsv' for command environment
[0.829s] DEBUG:colcon.colcon_core.event_handler.log_command:Invoked command in '/home/dylan/clones/visualize/build/robot_description' returned '0': CMAKE_PREFIX_PATH=${CMAKE_PREFIX_PATH}:/home/dylan/clones/visualize/install/visual_pubsub:/opt/ros/humble /usr/bin/cmake --build /home/dylan/clones/visualize/build/robot_description -- -j20 -l20
[0.849s] DEBUG:colcon.colcon_core.event_handler.log_command:Invoking command in '/home/dylan/clones/visualize/build/robot_description': CMAKE_PREFIX_PATH=${CMAKE_PREFIX_PATH}:/home/dylan/clones/visualize/install/visual_pubsub:/opt/ros/humble /usr/bin/cmake --install /home/dylan/clones/visualize/build/robot_description
[0.877s] Level 1:colcon.colcon_core.environment:create_environment_scripts_only(robot_description)
[0.879s] DEBUG:colcon.colcon_core.event_handler.log_command:Invoked command in '/home/dylan/clones/visualize/build/robot_description' returned '0': CMAKE_PREFIX_PATH=${CMAKE_PREFIX_PATH}:/home/dylan/clones/visualize/install/visual_pubsub:/opt/ros/humble /usr/bin/cmake --install /home/dylan/clones/visualize/build/robot_description
[0.886s] Level 1:colcon.colcon_core.environment:checking '/home/dylan/clones/visualize/install/robot_description' for CMake module files
[0.887s] Level 1:colcon.colcon_core.environment:checking '/home/dylan/clones/visualize/install/robot_description' for CMake config files
[0.888s] Level 1:colcon.colcon_core.shell:create_environment_hook('robot_description', 'cmake_prefix_path')
[0.888s] INFO:colcon.colcon_core.shell:Creating environment hook '/home/dylan/clones/visualize/install/robot_description/share/robot_description/hook/cmake_prefix_path.ps1'
[0.889s] INFO:colcon.colcon_core.shell:Creating environment descriptor '/home/dylan/clones/visualize/install/robot_description/share/robot_description/hook/cmake_prefix_path.dsv'
[0.890s] INFO:colcon.colcon_core.shell:Creating environment hook '/home/dylan/clones/visualize/install/robot_description/share/robot_description/hook/cmake_prefix_path.sh'
[0.891s] Level 1:colcon.colcon_core.environment:checking '/home/dylan/clones/visualize/install/robot_description/bin'
[0.891s] Level 1:colcon.colcon_core.environment:checking '/home/dylan/clones/visualize/install/robot_description/lib/pkgconfig/robot_description.pc'
[0.892s] Level 1:colcon.colcon_core.environment:checking '/home/dylan/clones/visualize/install/robot_description/lib/python3.10/site-packages'
[0.892s] Level 1:colcon.colcon_core.environment:checking '/home/dylan/clones/visualize/install/robot_description/bin'
[0.892s] INFO:colcon.colcon_core.shell:Creating package script '/home/dylan/clones/visualize/install/robot_description/share/robot_description/package.ps1'
[0.894s] INFO:colcon.colcon_core.shell:Creating package descriptor '/home/dylan/clones/visualize/install/robot_description/share/robot_description/package.dsv'
[0.895s] INFO:colcon.colcon_core.shell:Creating package script '/home/dylan/clones/visualize/install/robot_description/share/robot_description/package.sh'
[0.897s] INFO:colcon.colcon_core.shell:Creating package script '/home/dylan/clones/visualize/install/robot_description/share/robot_description/package.bash'
[0.898s] INFO:colcon.colcon_core.shell:Creating package script '/home/dylan/clones/visualize/install/robot_description/share/robot_description/package.zsh'
[0.899s] Level 1:colcon.colcon_core.environment:create_file_with_runtime_dependencies(/home/dylan/clones/visualize/install/robot_description/share/colcon-core/packages/robot_description)
[0.900s] Level 1:colcon.colcon_core.environment:create_environment_scripts_only(robot_description)
[0.900s] Level 1:colcon.colcon_core.environment:checking '/home/dylan/clones/visualize/install/robot_description' for CMake module files
[0.901s] Level 1:colcon.colcon_core.environment:checking '/home/dylan/clones/visualize/install/robot_description' for CMake config files
[0.901s] Level 1:colcon.colcon_core.shell:create_environment_hook('robot_description', 'cmake_prefix_path')
[0.901s] INFO:colcon.colcon_core.shell:Creating environment hook '/home/dylan/clones/visualize/install/robot_description/share/robot_description/hook/cmake_prefix_path.ps1'
[0.902s] INFO:colcon.colcon_core.shell:Creating environment descriptor '/home/dylan/clones/visualize/install/robot_description/share/robot_description/hook/cmake_prefix_path.dsv'
[0.903s] INFO:colcon.colcon_core.shell:Creating environment hook '/home/dylan/clones/visualize/install/robot_description/share/robot_description/hook/cmake_prefix_path.sh'
[0.903s] Level 1:colcon.colcon_core.environment:checking '/home/dylan/clones/visualize/install/robot_description/bin'
[0.904s] Level 1:colcon.colcon_core.environment:checking '/home/dylan/clones/visualize/install/robot_description/lib/pkgconfig/robot_description.pc'
[0.904s] Level 1:colcon.colcon_core.environment:checking '/home/dylan/clones/visualize/install/robot_description/lib/python3.10/site-packages'
[0.904s] Level 1:colcon.colcon_core.environment:checking '/home/dylan/clones/visualize/install/robot_description/bin'
[0.905s] INFO:colcon.colcon_core.shell:Creating package script '/home/dylan/clones/visualize/install/robot_description/share/robot_description/package.ps1'
[0.906s] INFO:colcon.colcon_core.shell:Creating package descriptor '/home/dylan/clones/visualize/install/robot_description/share/robot_description/package.dsv'
[0.906s] INFO:colcon.colcon_core.shell:Creating package script '/home/dylan/clones/visualize/install/robot_description/share/robot_description/package.sh'
[0.907s] INFO:colcon.colcon_core.shell:Creating package script '/home/dylan/clones/visualize/install/robot_description/share/robot_description/package.bash'
[0.908s] INFO:colcon.colcon_core.shell:Creating package script '/home/dylan/clones/visualize/install/robot_description/share/robot_description/package.zsh'
[0.908s] Level 1:colcon.colcon_core.environment:create_file_with_runtime_dependencies(/home/dylan/clones/visualize/install/robot_description/share/colcon-core/packages/robot_description)
[1.350s] DEBUG:colcon.colcon_core.event_handler.log_command:Invoking command in '/home/dylan/clones/visualize/visual_pubsub': PYTHONPATH=/home/dylan/clones/visualize/build/visual_pubsub/prefix_override:/usr/lib/python3/dist-packages/colcon_core/task/python/colcon_distutils_commands:/home/dylan/clones/visualize/install/visual_pubsub/lib/python3.10/site-packages:${PYTHONPATH} /usr/bin/python3 -W ignore:setup.py install is deprecated -W ignore:easy_install command is deprecated setup.py egg_info --egg-base ../build/visual_pubsub build --build-base /home/dylan/clones/visualize/build/visual_pubsub/build install --record /home/dylan/clones/visualize/build/visual_pubsub/install.log --single-version-externally-managed install_data
[1.907s] Level 1:colcon.colcon_core.environment:checking '/home/dylan/clones/visualize/install/visual_pubsub' for CMake module files
[1.908s] DEBUG:colcon.colcon_core.event_handler.log_command:Invoked command in '/home/dylan/clones/visualize/visual_pubsub' returned '0': PYTHONPATH=/home/dylan/clones/visualize/build/visual_pubsub/prefix_override:/usr/lib/python3/dist-packages/colcon_core/task/python/colcon_distutils_commands:/home/dylan/clones/visualize/install/visual_pubsub/lib/python3.10/site-packages:${PYTHONPATH} /usr/bin/python3 -W ignore:setup.py install is deprecated -W ignore:easy_install command is deprecated setup.py egg_info --egg-base ../build/visual_pubsub build --build-base /home/dylan/clones/visualize/build/visual_pubsub/build install --record /home/dylan/clones/visualize/build/visual_pubsub/install.log --single-version-externally-managed install_data
[1.908s] Level 1:colcon.colcon_core.environment:checking '/home/dylan/clones/visualize/install/visual_pubsub' for CMake config files
[1.909s] Level 1:colcon.colcon_core.environment:checking '/home/dylan/clones/visualize/install/visual_pubsub/lib'
[1.910s] Level 1:colcon.colcon_core.environment:checking '/home/dylan/clones/visualize/install/visual_pubsub/bin'
[1.910s] Level 1:colcon.colcon_core.environment:checking '/home/dylan/clones/visualize/install/visual_pubsub/lib/pkgconfig/visual_pubsub.pc'
[1.910s] Level 1:colcon.colcon_core.environment:checking '/home/dylan/clones/visualize/install/visual_pubsub/lib/python3.10/site-packages'
[1.910s] Level 1:colcon.colcon_core.shell:create_environment_hook('visual_pubsub', 'pythonpath')
[1.911s] INFO:colcon.colcon_core.shell:Creating environment hook '/home/dylan/clones/visualize/install/visual_pubsub/share/visual_pubsub/hook/pythonpath.ps1'
[1.912s] INFO:colcon.colcon_core.shell:Creating environment descriptor '/home/dylan/clones/visualize/install/visual_pubsub/share/visual_pubsub/hook/pythonpath.dsv'
[1.912s] INFO:colcon.colcon_core.shell:Creating environment hook '/home/dylan/clones/visualize/install/visual_pubsub/share/visual_pubsub/hook/pythonpath.sh'
[1.913s] Level 1:colcon.colcon_core.environment:checking '/home/dylan/clones/visualize/install/visual_pubsub/bin'
[1.913s] Level 1:colcon.colcon_core.environment:create_environment_scripts_only(visual_pubsub)
[1.914s] INFO:colcon.colcon_core.shell:Creating package script '/home/dylan/clones/visualize/install/visual_pubsub/share/visual_pubsub/package.ps1'
[1.914s] INFO:colcon.colcon_core.shell:Creating package descriptor '/home/dylan/clones/visualize/install/visual_pubsub/share/visual_pubsub/package.dsv'
[1.915s] INFO:colcon.colcon_core.shell:Creating package script '/home/dylan/clones/visualize/install/visual_pubsub/share/visual_pubsub/package.sh'
[1.916s] INFO:colcon.colcon_core.shell:Creating package script '/home/dylan/clones/visualize/install/visual_pubsub/share/visual_pubsub/package.bash'
[1.916s] INFO:colcon.colcon_core.shell:Creating package script '/home/dylan/clones/visualize/install/visual_pubsub/share/visual_pubsub/package.zsh'
[1.917s] Level 1:colcon.colcon_core.environment:create_file_with_runtime_dependencies(/home/dylan/clones/visualize/install/visual_pubsub/share/colcon-core/packages/visual_pubsub)
[1.917s] DEBUG:colcon.colcon_parallel_executor.executor.parallel:closing loop
[1.918s] DEBUG:colcon.colcon_parallel_executor.executor.parallel:loop closed
[1.918s] DEBUG:colcon.colcon_parallel_executor.executor.parallel:run_until_complete finished with '0'
[1.918s] DEBUG:colcon.colcon_core.event_reactor:joining thread
[1.927s] INFO:colcon.colcon_core.plugin_system:Skipping extension 'colcon_notification.desktop_notification.terminal_notifier': Not used on non-Darwin systems
[1.927s] INFO:colcon.colcon_core.plugin_system:Skipping extension 'colcon_notification.desktop_notification.win32': Not used on non-Windows systems
[1.927s] INFO:colcon.colcon_notification.desktop_notification:Sending desktop notification using 'notify2'
[1.949s] DEBUG:colcon.colcon_core.event_reactor:joined thread
[1.949s] INFO:colcon.colcon_core.shell:Creating prefix script '/home/dylan/clones/visualize/install/local_setup.ps1'
[1.951s] INFO:colcon.colcon_core.shell:Creating prefix util module '/home/dylan/clones/visualize/install/_local_setup_util_ps1.py'
[1.953s] INFO:colcon.colcon_core.shell:Creating prefix chain script '/home/dylan/clones/visualize/install/setup.ps1'
[1.955s] INFO:colcon.colcon_core.shell:Creating prefix script '/home/dylan/clones/visualize/install/local_setup.sh'
[1.956s] INFO:colcon.colcon_core.shell:Creating prefix util module '/home/dylan/clones/visualize/install/_local_setup_util_sh.py'
[1.957s] INFO:colcon.colcon_core.shell:Creating prefix chain script '/home/dylan/clones/visualize/install/setup.sh'
[1.959s] INFO:colcon.colcon_core.shell:Creating prefix script '/home/dylan/clones/visualize/install/local_setup.bash'
[1.960s] INFO:colcon.colcon_core.shell:Creating prefix chain script '/home/dylan/clones/visualize/install/setup.bash'
[1.962s] INFO:colcon.colcon_core.shell:Creating prefix script '/home/dylan/clones/visualize/install/local_setup.zsh'
[1.963s] INFO:colcon.colcon_core.shell:Creating prefix chain script '/home/dylan/clones/visualize/install/setup.zsh'
